Archive member included to satisfy reference by file (symbol)

/opt/st/stm32cubeide_1.6.0/plugins/com.st.stm32cube.ide.mcu.externaltools.gnu-tools-for-stm32.9-2020-q2-update.linux64_1.5.0.202011040924/tools/bin/../lib/gcc/arm-none-eabi/9.3.1/../../../../arm-none-eabi/lib/thumb/v7e-m+fp/hard/libc_nano.a(lib_a-errno.o)
                              Core/Src/syscalls.o (__errno)
/opt/st/stm32cubeide_1.6.0/plugins/com.st.stm32cube.ide.mcu.externaltools.gnu-tools-for-stm32.9-2020-q2-update.linux64_1.5.0.202011040924/tools/bin/../lib/gcc/arm-none-eabi/9.3.1/../../../../arm-none-eabi/lib/thumb/v7e-m+fp/hard/libc_nano.a(lib_a-exit.o)
                              /opt/st/stm32cubeide_1.6.0/plugins/com.st.stm32cube.ide.mcu.externaltools.gnu-tools-for-stm32.9-2020-q2-update.linux64_1.5.0.202011040924/tools/bin/../lib/gcc/arm-none-eabi/9.3.1/../../../../arm-none-eabi/lib/thumb/v7e-m+fp/hard/crt0.o (exit)
/opt/st/stm32cubeide_1.6.0/plugins/com.st.stm32cube.ide.mcu.externaltools.gnu-tools-for-stm32.9-2020-q2-update.linux64_1.5.0.202011040924/tools/bin/../lib/gcc/arm-none-eabi/9.3.1/../../../../arm-none-eabi/lib/thumb/v7e-m+fp/hard/libc_nano.a(lib_a-impure.o)
                              /opt/st/stm32cubeide_1.6.0/plugins/com.st.stm32cube.ide.mcu.externaltools.gnu-tools-for-stm32.9-2020-q2-update.linux64_1.5.0.202011040924/tools/bin/../lib/gcc/arm-none-eabi/9.3.1/../../../../arm-none-eabi/lib/thumb/v7e-m+fp/hard/libc_nano.a(lib_a-exit.o) (_global_impure_ptr)
/opt/st/stm32cubeide_1.6.0/plugins/com.st.stm32cube.ide.mcu.externaltools.gnu-tools-for-stm32.9-2020-q2-update.linux64_1.5.0.202011040924/tools/bin/../lib/gcc/arm-none-eabi/9.3.1/../../../../arm-none-eabi/lib/thumb/v7e-m+fp/hard/libc_nano.a(lib_a-init.o)
                              /opt/st/stm32cubeide_1.6.0/plugins/com.st.stm32cube.ide.mcu.externaltools.gnu-tools-for-stm32.9-2020-q2-update.linux64_1.5.0.202011040924/tools/bin/../lib/gcc/arm-none-eabi/9.3.1/../../../../arm-none-eabi/lib/thumb/v7e-m+fp/hard/crt0.o (__libc_init_array)
/opt/st/stm32cubeide_1.6.0/plugins/com.st.stm32cube.ide.mcu.externaltools.gnu-tools-for-stm32.9-2020-q2-update.linux64_1.5.0.202011040924/tools/bin/../lib/gcc/arm-none-eabi/9.3.1/../../../../arm-none-eabi/lib/thumb/v7e-m+fp/hard/libc_nano.a(lib_a-memset.o)
                              /opt/st/stm32cubeide_1.6.0/plugins/com.st.stm32cube.ide.mcu.externaltools.gnu-tools-for-stm32.9-2020-q2-update.linux64_1.5.0.202011040924/tools/bin/../lib/gcc/arm-none-eabi/9.3.1/../../../../arm-none-eabi/lib/thumb/v7e-m+fp/hard/crt0.o (memset)
/opt/st/stm32cubeide_1.6.0/plugins/com.st.stm32cube.ide.mcu.externaltools.gnu-tools-for-stm32.9-2020-q2-update.linux64_1.5.0.202011040924/tools/bin/../lib/gcc/arm-none-eabi/9.3.1/../../../../arm-none-eabi/lib/thumb/v7e-m+fp/hard/libc_nano.a(lib_a-nano-vfprintf_float.o)
                              (_printf_float)
/opt/st/stm32cubeide_1.6.0/plugins/com.st.stm32cube.ide.mcu.externaltools.gnu-tools-for-stm32.9-2020-q2-update.linux64_1.5.0.202011040924/tools/bin/../lib/gcc/arm-none-eabi/9.3.1/../../../../arm-none-eabi/lib/thumb/v7e-m+fp/hard/libc_nano.a(lib_a-nano-vfprintf_i.o)
                              /opt/st/stm32cubeide_1.6.0/plugins/com.st.stm32cube.ide.mcu.externaltools.gnu-tools-for-stm32.9-2020-q2-update.linux64_1.5.0.202011040924/tools/bin/../lib/gcc/arm-none-eabi/9.3.1/../../../../arm-none-eabi/lib/thumb/v7e-m+fp/hard/libc_nano.a(lib_a-nano-vfprintf_float.o) (_printf_common)
/opt/st/stm32cubeide_1.6.0/plugins/com.st.stm32cube.ide.mcu.externaltools.gnu-tools-for-stm32.9-2020-q2-update.linux64_1.5.0.202011040924/tools/bin/../lib/gcc/arm-none-eabi/9.3.1/../../../../arm-none-eabi/lib/thumb/v7e-m+fp/hard/libc_nano.a(lib_a-nano-vfscanf_float.o)
                              (_scanf_float)
/opt/st/stm32cubeide_1.6.0/plugins/com.st.stm32cube.ide.mcu.externaltools.gnu-tools-for-stm32.9-2020-q2-update.linux64_1.5.0.202011040924/tools/bin/../lib/gcc/arm-none-eabi/9.3.1/../../../../arm-none-eabi/lib/thumb/v7e-m+fp/hard/libc_nano.a(lib_a-printf.o)
                              Functions/Src/testing_tools.o (printf)
/opt/st/stm32cubeide_1.6.0/plugins/com.st.stm32cube.ide.mcu.externaltools.gnu-tools-for-stm32.9-2020-q2-update.linux64_1.5.0.202011040924/tools/bin/../lib/gcc/arm-none-eabi/9.3.1/../../../../arm-none-eabi/lib/thumb/v7e-m+fp/hard/libc_nano.a(lib_a-puts.o)
                              Core/Src/main.o (puts)
/opt/st/stm32cubeide_1.6.0/plugins/com.st.stm32cube.ide.mcu.externaltools.gnu-tools-for-stm32.9-2020-q2-update.linux64_1.5.0.202011040924/tools/bin/../lib/gcc/arm-none-eabi/9.3.1/../../../../arm-none-eabi/lib/thumb/v7e-m+fp/hard/libc_nano.a(lib_a-sf_nan.o)
                              /opt/st/stm32cubeide_1.6.0/plugins/com.st.stm32cube.ide.mcu.externaltools.gnu-tools-for-stm32.9-2020-q2-update.linux64_1.5.0.202011040924/tools/bin/../lib/gcc/arm-none-eabi/9.3.1/../../../../arm-none-eabi/lib/thumb/v7e-m+fp/hard/libc_nano.a(lib_a-nano-vfscanf_float.o) (nanf)
[...]
Memory Configuration

Name             Origin             Length             Attributes
RAM              0x0000000020000000 0x0000000000050000 xrw
FLASH            0x0000000008000000 0x0000000000100000 xr
*default*        0x0000000000000000 0xffffffffffffffff

Linker script and memory map

LOAD /opt/st/stm32cubeide_1.6.0/plugins/com.st.stm32cube.ide.mcu.externaltools.gnu-tools-for-stm32.9-2020-q2-update.linux64_1.5.0.202011040924/tools/bin/../lib/gcc/arm-none-eabi/9.3.1/thumb/v7e-m+fp/hard/crti.o
LOAD /opt/st/stm32cubeide_1.6.0/plugins/com.st.stm32cube.ide.mcu.externaltools.gnu-tools-for-stm32.9-2020-q2-update.linux64_1.5.0.202011040924/tools/bin/../lib/gcc/arm-none-eabi/9.3.1/thumb/v7e-m+fp/hard/crtbegin.o
LOAD /opt/st/stm32cubeide_1.6.0/plugins/com.st.stm32cube.ide.mcu.externaltools.gnu-tools-for-stm32.9-2020-q2-update.linux64_1.5.0.202011040924/tools/bin/../lib/gcc/arm-none-eabi/9.3.1/../../../../arm-none-eabi/lib/thumb/v7e-m+fp/hard/crt0.o
LOAD Core/Src/main.o
LOAD Core/Src/stm32l4xx_hal_msp.o
LOAD Core/Src/stm32l4xx_it.o
LOAD Core/Src/syscalls.o
LOAD Core/Src/sysmem.o
LOAD Core/Src/system_stm32l4xx.o
LOAD Core/Src/testing_functions.o
LOAD Core/Startup/startup_stm32l496zgtx.o
LOAD Drivers/STM32L4xx_HAL_Driver/Src/stm32l4xx_hal.o
LOAD Drivers/STM32L4xx_HAL_Driver/Src/stm32l4xx_hal_adc.o
LOAD Drivers/STM32L4xx_HAL_Driver/Src/stm32l4xx_hal_adc_ex.o
LOAD Drivers/STM32L4xx_HAL_Driver/Src/stm32l4xx_hal_can.o
LOAD Drivers/STM32L4xx_HAL_Driver/Src/stm32l4xx_hal_cortex.o
LOAD Drivers/STM32L4xx_HAL_Driver/Src/stm32l4xx_hal_dma.o
LOAD Drivers/STM32L4xx_HAL_Driver/Src/stm32l4xx_hal_dma_ex.o
LOAD Drivers/STM32L4xx_HAL_Driver/Src/stm32l4xx_hal_exti.o
LOAD Drivers/STM32L4xx_HAL_Driver/Src/stm32l4xx_hal_flash.o
LOAD Drivers/STM32L4xx_HAL_Driver/Src/stm32l4xx_hal_flash_ex.o
LOAD Drivers/STM32L4xx_HAL_Driver/Src/stm32l4xx_hal_flash_ramfunc.o
LOAD Drivers/STM32L4xx_HAL_Driver/Src/stm32l4xx_hal_gpio.o
LOAD Drivers/STM32L4xx_HAL_Driver/Src/stm32l4xx_hal_i2c.o
LOAD Drivers/STM32L4xx_HAL_Driver/Src/stm32l4xx_hal_i2c_ex.o
LOAD Drivers/STM32L4xx_HAL_Driver/Src/stm32l4xx_hal_pwr.o
LOAD Drivers/STM32L4xx_HAL_Driver/Src/stm32l4xx_hal_pwr_ex.o
LOAD Drivers/STM32L4xx_HAL_Driver/Src/stm32l4xx_hal_qspi.o
LOAD Drivers/STM32L4xx_HAL_Driver/Src/stm32l4xx_hal_rcc.o
LOAD Drivers/STM32L4xx_HAL_Driver/Src/stm32l4xx_hal_rcc_ex.o
LOAD Drivers/STM32L4xx_HAL_Driver/Src/stm32l4xx_hal_spi.o
LOAD Drivers/STM32L4xx_HAL_Driver/Src/stm32l4xx_hal_spi_ex.o
LOAD Drivers/STM32L4xx_HAL_Driver/Src/stm32l4xx_hal_tim.o
LOAD Drivers/STM32L4xx_HAL_Driver/Src/stm32l4xx_hal_tim_ex.o
LOAD Drivers/STM32L4xx_HAL_Driver/Src/stm32l4xx_hal_uart.o
LOAD Drivers/STM32L4xx_HAL_Driver/Src/stm32l4xx_hal_uart_ex.o
LOAD Functions/Src/lsm6ds3.o
LOAD Functions/Src/mcp9804.o
LOAD Functions/Src/mmc5883.o
LOAD Functions/Src/testing_tools.o
START GROUP
LOAD /opt/st/stm32cubeide_1.6.0/plugins/com.st.stm32cube.ide.mcu.externaltools.gnu-tools-for-stm32.9-2020-q2-update.linux64_1.5.0.202011040924/tools/bin/../lib/gcc/arm-none-eabi/9.3.1/../../../../arm-none-eabi/lib/thumb/v7e-m+fp/hard/libstdc++_nano.a
LOAD /opt/st/stm32cubeide_1.6.0/plugins/com.st.stm32cube.ide.mcu.externaltools.gnu-tools-for-stm32.9-2020-q2-update.linux64_1.5.0.202011040924/tools/bin/../lib/gcc/arm-none-eabi/9.3.1/../../../../arm-none-eabi/lib/thumb/v7e-m+fp/hard/libsupc++_nano.a
END GROUP
LOAD /opt/st/stm32cubeide_1.6.0/plugins/com.st.stm32cube.ide.mcu.externaltools.gnu-tools-for-stm32.9-2020-q2-update.linux64_1.5.0.202011040924/tools/bin/../lib/gcc/arm-none-eabi/9.3.1/../../../../arm-none-eabi/lib/thumb/v7e-m+fp/hard/libstdc++_nano.a
LOAD /opt/st/stm32cubeide_1.6.0/plugins/com.st.stm32cube.ide.mcu.externaltools.gnu-tools-for-stm32.9-2020-q2-update.linux64_1.5.0.202011040924/tools/bin/../lib/gcc/arm-none-eabi/9.3.1/../../../../arm-none-eabi/lib/thumb/v7e-m+fp/hard/libm.a
LOAD /opt/st/stm32cubeide_1.6.0/plugins/com.st.stm32cube.ide.mcu.externaltools.gnu-tools-for-stm32.9-2020-q2-update.linux64_1.5.0.202011040924/tools/bin/../lib/gcc/arm-none-eabi/9.3.1/../../../../arm-none-eabi/lib/thumb/v7e-m+fp/hard/libc_nano.a
START GROUP
LOAD /opt/st/stm32cubeide_1.6.0/plugins/com.st.stm32cube.ide.mcu.externaltools.gnu-tools-for-stm32.9-2020-q2-update.linux64_1.5.0.202011040924/tools/bin/../lib/gcc/arm-none-eabi/9.3.1/thumb/v7e-m+fp/hard/libgcc.a
LOAD /opt/st/stm32cubeide_1.6.0/plugins/com.st.stm32cube.ide.mcu.externaltools.gnu-tools-for-stm32.9-2020-q2-update.linux64_1.5.0.202011040924/tools/bin/../lib/gcc/arm-none-eabi/9.3.1/../../../../arm-none-eabi/lib/thumb/v7e-m+fp/hard/libc_nano.a
END GROUP
START GROUP
LOAD /opt/st/stm32cubeide_1.6.0/plugins/com.st.stm32cube.ide.mcu.externaltools.gnu-tools-for-stm32.9-2020-q2-update.linux64_1.5.0.202011040924/tools/bin/../lib/gcc/arm-none-eabi/9.3.1/thumb/v7e-m+fp/hard/libgcc.a
LOAD /opt/st/stm32cubeide_1.6.0/plugins/com.st.stm32cube.ide.mcu.externaltools.gnu-tools-for-stm32.9-2020-q2-update.linux64_1.5.0.202011040924/tools/bin/../lib/gcc/arm-none-eabi/9.3.1/../../../../arm-none-eabi/lib/thumb/v7e-m+fp/hard/libc_nano.a
LOAD /opt/st/stm32cubeide_1.6.0/plugins/com.st.stm32cube.ide.mcu.externaltools.gnu-tools-for-stm32.9-2020-q2-update.linux64_1.5.0.202011040924/tools/bin/../lib/gcc/arm-none-eabi/9.3.1/../../../../arm-none-eabi/lib/thumb/v7e-m+fp/hard/libnosys.a
END GROUP
START GROUP
LOAD /opt/st/stm32cubeide_1.6.0/plugins/com.st.stm32cube.ide.mcu.externaltools.gnu-tools-for-stm32.9-2020-q2-update.linux64_1.5.0.202011040924/tools/bin/../lib/gcc/arm-none-eabi/9.3.1/thumb/v7e-m+fp/hard/libgcc.a
LOAD /opt/st/stm32cubeide_1.6.0/plugins/com.st.stm32cube.ide.mcu.externaltools.gnu-tools-for-stm32.9-2020-q2-update.linux64_1.5.0.202011040924/tools/bin/../lib/gcc/arm-none-eabi/9.3.1/../../../../arm-none-eabi/lib/thumb/v7e-m+fp/hard/libc_nano.a
LOAD /opt/st/stm32cubeide_1.6.0/plugins/com.st.stm32cube.ide.mcu.externaltools.gnu-tools-for-stm32.9-2020-q2-update.linux64_1.5.0.202011040924/tools/bin/../lib/gcc/arm-none-eabi/9.3.1/../../../../arm-none-eabi/lib/thumb/v7e-m+fp/hard/libnosys.a
END GROUP
LOAD /opt/st/stm32cubeide_1.6.0/plugins/com.st.stm32cube.ide.mcu.externaltools.gnu-tools-for-stm32.9-2020-q2-update.linux64_1.5.0.202011040924/tools/bin/../lib/gcc/arm-none-eabi/9.3.1/thumb/v7e-m+fp/hard/crtend.o
LOAD /opt/st/stm32cubeide_1.6.0/plugins/com.st.stm32cube.ide.mcu.externaltools.gnu-tools-for-stm32.9-2020-q2-update.linux64_1.5.0.202011040924/tools/bin/../lib/gcc/arm-none-eabi/9.3.1/thumb/v7e-m+fp/hard/crtn.o
                0x0000000020050000                _estack = (ORIGIN (RAM) + LENGTH (RAM))
                0x0000000000000200                _Min_Heap_Size = 0x200
                0x0000000000000400                _Min_Stack_Size = 0x400

.isr_vector     0x0000000008000000      0x1ac
                0x0000000008000000                . = ALIGN (0x4)
 *(.isr_vector)
 .isr_vector    0x0000000008000000      0x1ac Core/Startup/startup_stm32l496zgtx.o
                0x0000000008000000                g_pfnVectors
                0x00000000080001ac                . = ALIGN (0x4)

.text           0x00000000080001b0     0xcc2c
                0x00000000080001b0                . = ALIGN (0x4)
 *(.text)
 .text          0x00000000080001b0       0x40 /opt/st/stm32cubeide_1.6.0/plugins/com.st.stm32cube.ide.mcu.externaltools.gnu-tools-for-stm32.9-2020-q2-update.linux64_1.5.0.202011040924/tools/bin/../lib/gcc/arm-none-eabi/9.3.1/thumb/v7e-m+fp/hard/crtbegin.o
 .text          0x00000000080001f0       0x10 /opt/st/stm32cubeide_1.6.0/plugins/com.st.stm32cube.ide.mcu.externaltools.gnu-tools-for-stm32.9-2020-q2-update.linux64_1.5.0.202011040924/tools/bin/../lib/gcc/arm-none-eabi/9.3.1/../../../../arm-none-eabi/lib/thumb/v7e-m+fp/hard/libc_nano.a(lib_a-strlen.o)
                0x00000000080001f0                strlen
 .text          0x0000000008000200       0xa0 /opt/st/stm32cubeide_1.6.0/plugins/com.st.stm32cube.ide.mcu.externaltools.gnu-tools-for-stm32.9-2020-q2-update.linux64_1.5.0.202011040924/tools/bin/../lib/gcc/arm-none-eabi/9.3.1/../../../../arm-none-eabi/lib/thumb/v7e-m+fp/hard/libc_nano.a(lib_a-memchr.o)
                0x0000000008000200                memchr
 .text          0x00000000080002a0      0x378 /opt/st/stm32cubeide_1.6.0/plugins/com.st.stm32cube.ide.mcu.externaltools.gnu-tools-for-stm32.9-2020-q2-update.linux64_1.5.0.202011040924/tools/bin/../lib/gcc/arm-none-eabi/9.3.1/thumb/v7e-m+fp/hard/libgcc.a(_arm_addsubdf3.o)
                0x00000000080002a0                __aeabi_drsub
                0x00000000080002a8                __aeabi_dsub
                0x00000000080002a8                __subdf3
                0x00000000080002ac                __adddf3
                0x00000000080002ac                __aeabi_dadd
                0x0000000008000524                __aeabi_ui2d
                0x0000000008000524                __floatunsidf
                0x0000000008000544                __floatsidf
                0x0000000008000544                __aeabi_i2d
                0x0000000008000568                __extendsfdf2
                0x0000000008000568                __aeabi_f2d
                0x00000000080005ac                __aeabi_ul2d
                0x00000000080005ac                __floatundidf
                0x00000000080005bc                __floatdidf
                0x00000000080005bc                __aeabi_l2d
 .text          0x0000000008000618      0x424 /opt/st/stm32cubeide_1.6.0/plugins/com.st.stm32cube.ide.mcu.externaltools.gnu-tools-for-stm32.9-2020-q2-update.linux64_1.5.0.202011040924/tools/bin/../lib/gcc/arm-none-eabi/9.3.1/thumb/v7e-m+fp/hard/libgcc.a(_arm_muldivdf3.o)
                0x0000000008000618                __aeabi_dmul
                0x0000000008000618                __muldf3
                0x000000000800086c                __aeabi_ddiv
                0x000000000800086c                __divdf3
 .text          0x0000000008000a3c      0x110 /opt/st/stm32cubeide_1.6.0/plugins/com.st.stm32cube.ide.mcu.externaltools.gnu-tools-for-stm32.9-2020-q2-update.linux64_1.5.0.202011040924/tools/bin/../lib/gcc/arm-none-eabi/9.3.1/thumb/v7e-m+fp/hard/libgcc.a(_arm_cmpdf2.o)
                0x0000000008000a3c                __gtdf2
                0x0000000008000a3c                __gedf2
                0x0000000008000a44                __ltdf2
                0x0000000008000a44                __ledf2
                0x0000000008000a4c                __cmpdf2
                0x0000000008000a4c                __eqdf2
                0x0000000008000a4c                __nedf2
                0x0000000008000ac8                __aeabi_cdrcmple
                0x0000000008000ad8                __aeabi_cdcmple
                0x0000000008000ad8                __aeabi_cdcmpeq
                0x0000000008000ae8                __aeabi_dcmpeq
                0x0000000008000afc                __aeabi_dcmplt
                0x0000000008000b10                __aeabi_dcmple
                0x0000000008000b24                __aeabi_dcmpge
                0x0000000008000b38                __aeabi_dcmpgt
 .text          0x0000000008000b4c       0x2c /opt/st/stm32cubeide_1.6.0/plugins/com.st.stm32cube.ide.mcu.externaltools.gnu-tools-for-stm32.9-2020-q2-update.linux64_1.5.0.202011040924/tools/bin/../lib/gcc/arm-none-eabi/9.3.1/thumb/v7e-m+fp/hard/libgcc.a(_arm_unorddf2.o)
                0x0000000008000b4c                __aeabi_dcmpun
                0x0000000008000b4c                __unorddf2
 .text          0x0000000008000b78       0x50 /opt/st/stm32cubeide_1.6.0/plugins/com.st.stm32cube.ide.mcu.externaltools.gnu-tools-for-stm32.9-2020-q2-update.linux64_1.5.0.202011040924/tools/bin/../lib/gcc/arm-none-eabi/9.3.1/thumb/v7e-m+fp/hard/libgcc.a(_arm_fixdfsi.o)
                0x0000000008000b78                __fixdfsi
                0x0000000008000b78                __aeabi_d2iz
 .text          0x0000000008000bc8       0x40 /opt/st/stm32cubeide_1.6.0/plugins/com.st.stm32cube.ide.mcu.externaltools.gnu-tools-for-stm32.9-2020-q2-update.linux64_1.5.0.202011040924/tools/bin/../lib/gcc/arm-none-eabi/9.3.1/thumb/v7e-m+fp/hard/libgcc.a(_arm_fixunsdfsi.o)
                0x0000000008000bc8                __fixunsdfsi
                0x0000000008000bc8                __aeabi_d2uiz
 .text          0x0000000008000c08       0xa0 /opt/st/stm32cubeide_1.6.0/plugins/com.st.stm32cube.ide.mcu.externaltools.gnu-tools-for-stm32.9-2020-q2-update.linux64_1.5.0.202011040924/tools/bin/../lib/gcc/arm-none-eabi/9.3.1/thumb/v7e-m+fp/hard/libgcc.a(_arm_truncdfsf2.o)
                0x0000000008000c08                __aeabi_d2f
                0x0000000008000c08                __truncdfsf2
 .text          0x0000000008000ca8       0x30 /opt/st/stm32cubeide_1.6.0/plugins/com.st.stm32cube.ide.mcu.externaltools.gnu-tools-for-stm32.9-2020-q2-update.linux64_1.5.0.202011040924/tools/bin/../lib/gcc/arm-none-eabi/9.3.1/thumb/v7e-m+fp/hard/libgcc.a(_aeabi_uldivmod.o)
                0x0000000008000ca8                __aeabi_uldivmod
 .text          0x0000000008000cd8       0x30 /opt/st/stm32cubeide_1.6.0/plugins/com.st.stm32cube.ide.mcu.externaltools.gnu-tools-for-stm32.9-2020-q2-update.linux64_1.5.0.202011040924/tools/bin/../lib/gcc/arm-none-eabi/9.3.1/thumb/v7e-m+fp/hard/libgcc.a(_fixdfdi.o)
                0x0000000008000cd8                __aeabi_d2lz
                0x0000000008000cd8                __fixdfdi
 .text          0x0000000008000d08       0x3c /opt/st/stm32cubeide_1.6.0/plugins/com.st.stm32cube.ide.mcu.externaltools.gnu-tools-for-stm32.9-2020-q2-update.linux64_1.5.0.202011040924/tools/bin/../lib/gcc/arm-none-eabi/9.3.1/thumb/v7e-m+fp/hard/libgcc.a(_fixunsdfdi.o)
                0x0000000008000d08                __aeabi_d2ulz
                0x0000000008000d08                __fixunsdfdi
 .text          0x0000000008000d44      0x2c4 /opt/st/stm32cubeide_1.6.0/plugins/com.st.stm32cube.ide.mcu.externaltools.gnu-tools-for-stm32.9-2020-q2-update.linux64_1.5.0.202011040924/tools/bin/../lib/gcc/arm-none-eabi/9.3.1/thumb/v7e-m+fp/hard/libgcc.a(_udivmoddi4.o)
                0x0000000008000d44                __udivmoddi4
 .text          0x0000000008001008        0x4 /opt/st/stm32cubeide_1.6.0/plugins/com.st.stm32cube.ide.mcu.externaltools.gnu-tools-for-stm32.9-2020-q2-update.linux64_1.5.0.202011040924/tools/bin/../lib/gcc/arm-none-eabi/9.3.1/thumb/v7e-m+fp/hard/libgcc.a(_dvmd_tls.o)
                0x0000000008001008                __aeabi_ldiv0
                0x0000000008001008                __aeabi_idiv0
 *(.text*)
 .text.ITM_SendChar
                0x000000000800100c       0x4e Core/Src/main.o
 .text._write   0x000000000800105a       0x38 Core/Src/main.o
                0x000000000800105a                _write
 *fill*         0x0000000008001092        0x2 
 .text.main     0x0000000008001094      0x188 Core/Src/main.o
                0x0000000008001094                main
 .text.SystemClock_Config
                0x000000000800121c      0x180 Core/Src/main.o
                0x000000000800121c                SystemClock_Config
 .text.MX_ADC1_Init
                0x000000000800139c       0xf0 Core/Src/main.o
 .text.MX_ADC2_Init
                0x000000000800148c       0xc8 Core/Src/main.o
 .text.MX_CAN1_Init
                0x0000000008001554       0x6c Core/Src/main.o
 .text.MX_CAN2_Init
                0x00000000080015c0       0x6c Core/Src/main.o
 .text.MX_I2C2_Init
                0x000000000800162c       0x80 Core/Src/main.o
 .text.MX_I2C3_Init
                0x00000000080016ac       0x80 Core/Src/main.o
 .text.MX_I2C4_Init
                0x000000000800172c       0x80 Core/Src/main.o
 .text.MX_QUADSPI_Init
                0x00000000080017ac       0x58 Core/Src/main.o
 .text.MX_SPI1_Init
                0x0000000008001804       0x7c Core/Src/main.o
 .text.MX_USART2_UART_Init
                0x0000000008001880       0x60 Core/Src/main.o
 .text.MX_USART3_UART_Init
                0x00000000080018e0       0x60 Core/Src/main.o
 .text.MX_GPIO_Init
                0x0000000008001940      0x1f4 Core/Src/main.o
 .text.Error_Handler
                0x0000000008001b34        0xa Core/Src/main.o
                0x0000000008001b34                Error_Handler
 *fill*         0x0000000008001b3e        0x2 
 .text.HAL_MspInit
                0x0000000008001b40       0x48 Core/Src/stm32l4xx_hal_msp.o
                0x0000000008001b40                HAL_MspInit
 .text.HAL_ADC_MspInit
                0x0000000008001b88      0x100 Core/Src/stm32l4xx_hal_msp.o
                0x0000000008001b88                HAL_ADC_MspInit
 .text.HAL_CAN_MspInit
                0x0000000008001c88      0x148 Core/Src/stm32l4xx_hal_msp.o
                0x0000000008001c88                HAL_CAN_MspInit
 .text.HAL_I2C_MspInit
                0x0000000008001dd0      0x158 Core/Src/stm32l4xx_hal_msp.o
                0x0000000008001dd0                HAL_I2C_MspInit
 .text.HAL_QSPI_MspInit
                0x0000000008001f28       0xe4 Core/Src/stm32l4xx_hal_msp.o
                0x0000000008001f28                HAL_QSPI_MspInit
 .text.HAL_SPI_MspInit
                0x000000000800200c       0x84 Core/Src/stm32l4xx_hal_msp.o
                0x000000000800200c                HAL_SPI_MspInit
 .text.HAL_UART_MspInit
                0x0000000008002090       0xe8 Core/Src/stm32l4xx_hal_msp.o
                0x0000000008002090                HAL_UART_MspInit
 .text.NMI_Handler
                0x0000000008002178        0x6 Core/Src/stm32l4xx_it.o
                0x0000000008002178                NMI_Handler
 .text.HardFault_Handler
                0x000000000800217e        0x6 Core/Src/stm32l4xx_it.o
                0x000000000800217e                HardFault_Handler
 .text.MemManage_Handler
                0x0000000008002184        0x6 Core/Src/stm32l4xx_it.o
                0x0000000008002184                MemManage_Handler
 .text.BusFault_Handler
                0x000000000800218a        0x6 Core/Src/stm32l4xx_it.o
                0x000000000800218a                BusFault_Handler
 .text.UsageFault_Handler
                0x0000000008002190        0x6 Core/Src/stm32l4xx_it.o
                0x0000000008002190                UsageFault_Handler
 .text.SVC_Handler
                0x0000000008002196        0xe Core/Src/stm32l4xx_it.o
                0x0000000008002196                SVC_Handler
 .text.DebugMon_Handler
                0x00000000080021a4        0xe Core/Src/stm32l4xx_it.o
                0x00000000080021a4                DebugMon_Handler
 .text.PendSV_Handler
                0x00000000080021b2        0xe Core/Src/stm32l4xx_it.o
                0x00000000080021b2                PendSV_Handler
 .text.SysTick_Handler
                0x00000000080021c0        0xc Core/Src/stm32l4xx_it.o
                0x00000000080021c0                SysTick_Handler
 .text._getpid  0x00000000080021cc       0x10 Core/Src/syscalls.o
                0x00000000080021cc                _getpid
 .text._kill    0x00000000080021dc       0x20 Core/Src/syscalls.o
                0x00000000080021dc                _kill
 .text._exit    0x00000000080021fc       0x14 Core/Src/syscalls.o
                0x00000000080021fc                _exit
 .text._read    0x0000000008002210       0x3a Core/Src/syscalls.o
                0x0000000008002210                _read
 .text._close   0x000000000800224a       0x18 Core/Src/syscalls.o
                0x000000000800224a                _close
 .text._fstat   0x0000000008002262       0x20 Core/Src/syscalls.o
                0x0000000008002262                _fstat
 .text._isatty  0x0000000008002282       0x16 Core/Src/syscalls.o
                0x0000000008002282                _isatty
 .text._lseek   0x0000000008002298       0x1a Core/Src/syscalls.o
                0x0000000008002298                _lseek
 *fill*         0x00000000080022b2        0x2 
 .text._sbrk    0x00000000080022b4       0x6c Core/Src/sysmem.o
                0x00000000080022b4                _sbrk
 .text.SystemInit
                0x0000000008002320       0x64 Core/Src/system_stm32l4xx.o
                0x0000000008002320                SystemInit
 *fill*         0x0000000008002384        0x4 
 .text.curr_readData
                0x0000000008002388       0xc4 Core/Src/testing_functions.o
                0x0000000008002388                curr_readData
 .text.Reset_Handler
                0x000000000800244c       0x50 Core/Startup/startup_stm32l496zgtx.o
                0x000000000800244c                Reset_Handler
 .text.Default_Handler
                0x000000000800249c        0x2 Core/Startup/startup_stm32l496zgtx.o
                0x000000000800249c                RTC_Alarm_IRQHandler
                0x000000000800249c                EXTI2_IRQHandler
                0x000000000800249c                TIM8_TRG_COM_IRQHandler
                0x000000000800249c                TIM8_CC_IRQHandler
                0x000000000800249c                TIM1_CC_IRQHandler
                0x000000000800249c                TSC_IRQHandler
                0x000000000800249c                TAMP_STAMP_IRQHandler
                0x000000000800249c                CAN2_RX1_IRQHandler
                0x000000000800249c                EXTI3_IRQHandler
                0x000000000800249c                LPTIM2_IRQHandler
                0x000000000800249c                DFSDM1_FLT1_IRQHandler
                0x000000000800249c                I2C3_ER_IRQHandler
                0x000000000800249c                DFSDM1_FLT2_IRQHandler
                0x000000000800249c                EXTI0_IRQHandler
                0x000000000800249c                I2C2_EV_IRQHandler
                0x000000000800249c                CAN1_RX0_IRQHandler
                0x000000000800249c                FPU_IRQHandler
                0x000000000800249c                TIM1_UP_TIM16_IRQHandler
                0x000000000800249c                CAN2_SCE_IRQHandler
                0x000000000800249c                ADC1_2_IRQHandler
                0x000000000800249c                SPI1_IRQHandler
                0x000000000800249c                TIM6_DAC_IRQHandler
                0x000000000800249c                DCMI_IRQHandler
                0x000000000800249c                CAN2_RX0_IRQHandler
                0x000000000800249c                TIM8_UP_IRQHandler
                0x000000000800249c                DMA2_Channel2_IRQHandler
                0x000000000800249c                DMA1_Channel4_IRQHandler
                0x000000000800249c                SAI2_IRQHandler
                0x000000000800249c                DFSDM1_FLT3_IRQHandler
                0x000000000800249c                USART3_IRQHandler
                0x000000000800249c                DMA1_Channel7_IRQHandler
                0x000000000800249c                CAN1_RX1_IRQHandler
                0x000000000800249c                LCD_IRQHandler
                0x000000000800249c                UART5_IRQHandler
                0x000000000800249c                ADC3_IRQHandler
                0x000000000800249c                TIM4_IRQHandler
                0x000000000800249c                DMA2_Channel1_IRQHandler
                0x000000000800249c                QUADSPI_IRQHandler
                0x000000000800249c                I2C1_EV_IRQHandler
                0x000000000800249c                DMA1_Channel6_IRQHandler
                0x000000000800249c                UART4_IRQHandler
                0x000000000800249c                DMA2_Channel4_IRQHandler
                0x000000000800249c                TIM3_IRQHandler
                0x000000000800249c                RCC_IRQHandler
                0x000000000800249c                DMA1_Channel1_IRQHandler
                0x000000000800249c                Default_Handler
                0x000000000800249c                DMA2_Channel7_IRQHandler
                0x000000000800249c                EXTI15_10_IRQHandler
                0x000000000800249c                TIM7_IRQHandler
                0x000000000800249c                SDMMC1_IRQHandler
                0x000000000800249c                CAN2_TX_IRQHandler
                0x000000000800249c                TIM5_IRQHandler
                0x000000000800249c                I2C3_EV_IRQHandler
                0x000000000800249c                EXTI9_5_IRQHandler
                0x000000000800249c                RTC_WKUP_IRQHandler
                0x000000000800249c                PVD_PVM_IRQHandler
                0x000000000800249c                SPI2_IRQHandler
                0x000000000800249c                CAN1_TX_IRQHandler
                0x000000000800249c                DMA2_Channel5_IRQHandler
                0x000000000800249c                CRS_IRQHandler
                0x000000000800249c                DMA1_Channel5_IRQHandler
                0x000000000800249c                EXTI4_IRQHandler
                0x000000000800249c                RNG_IRQHandler
                0x000000000800249c                TIM1_TRG_COM_TIM17_IRQHandler
                0x000000000800249c                DMA1_Channel3_IRQHandler
                0x000000000800249c                COMP_IRQHandler
                0x000000000800249c                WWDG_IRQHandler
                0x000000000800249c                I2C4_EV_IRQHandler
                0x000000000800249c                LPUART1_IRQHandler
                0x000000000800249c                DMA2_Channel6_IRQHandler
                0x000000000800249c                TIM2_IRQHandler
                0x000000000800249c                EXTI1_IRQHandler
                0x000000000800249c                USART2_IRQHandler
                0x000000000800249c                DFSDM1_FLT0_IRQHandler
                0x000000000800249c                I2C2_ER_IRQHandler
                0x000000000800249c                DMA1_Channel2_IRQHandler
                0x000000000800249c                TIM8_BRK_IRQHandler
                0x000000000800249c                CAN1_SCE_IRQHandler
                0x000000000800249c                FLASH_IRQHandler
                0x000000000800249c                USART1_IRQHandler
                0x000000000800249c                OTG_FS_IRQHandler
                0x000000000800249c                SPI3_IRQHandler
                0x000000000800249c                I2C1_ER_IRQHandler
                0x000000000800249c                FMC_IRQHandler
                0x000000000800249c                SWPMI1_IRQHandler
                0x000000000800249c                LPTIM1_IRQHandler
                0x000000000800249c                I2C4_ER_IRQHandler
                0x000000000800249c                SAI1_IRQHandler
                0x000000000800249c                DMA2_Channel3_IRQHandler
                0x000000000800249c                TIM1_BRK_TIM15_IRQHandler
 .text.HAL_Init
                0x000000000800249e       0x30 Drivers/STM32L4xx_HAL_Driver/Src/stm32l4xx_hal.o
                0x000000000800249e                HAL_Init
 *fill*         0x00000000080024ce        0x2 
 .text.HAL_InitTick
                0x00000000080024d0       0x78 Drivers/STM32L4xx_HAL_Driver/Src/stm32l4xx_hal.o
                0x00000000080024d0                HAL_InitTick
 .text.HAL_IncTick
                0x0000000008002548       0x28 Drivers/STM32L4xx_HAL_Driver/Src/stm32l4xx_hal.o
                0x0000000008002548                HAL_IncTick
 .text.HAL_GetTick
                0x0000000008002570       0x18 Drivers/STM32L4xx_HAL_Driver/Src/stm32l4xx_hal.o
                0x0000000008002570                HAL_GetTick
 .text.HAL_Delay
                0x0000000008002588       0x48 Drivers/STM32L4xx_HAL_Driver/Src/stm32l4xx_hal.o
                0x0000000008002588                HAL_Delay
 .text.LL_ADC_SetCommonClock
                0x00000000080025d0       0x26 Drivers/STM32L4xx_HAL_Driver/Src/stm32l4xx_hal_adc.o
 .text.LL_ADC_SetCommonPathInternalCh
                0x00000000080025f6       0x26 Drivers/STM32L4xx_HAL_Driver/Src/stm32l4xx_hal_adc.o
 .text.LL_ADC_GetCommonPathInternalCh
                0x000000000800261c       0x1c Drivers/STM32L4xx_HAL_Driver/Src/stm32l4xx_hal_adc.o
 .text.LL_ADC_SetOffset
                0x0000000008002638       0x48 Drivers/STM32L4xx_HAL_Driver/Src/stm32l4xx_hal_adc.o
 .text.LL_ADC_GetOffsetChannel
                0x0000000008002680       0x2c Drivers/STM32L4xx_HAL_Driver/Src/stm32l4xx_hal_adc.o
 .text.LL_ADC_SetOffsetState
                0x00000000080026ac       0x36 Drivers/STM32L4xx_HAL_Driver/Src/stm32l4xx_hal_adc.o
 .text.LL_ADC_SetSamplingTimeCommonConfig
                0x00000000080026e2       0x26 Drivers/STM32L4xx_HAL_Driver/Src/stm32l4xx_hal_adc.o
 .text.LL_ADC_REG_IsTriggerSourceSWStart
                0x0000000008002708       0x26 Drivers/STM32L4xx_HAL_Driver/Src/stm32l4xx_hal_adc.o
 .text.LL_ADC_REG_SetSequencerRanks
                0x000000000800272e       0x58 Drivers/STM32L4xx_HAL_Driver/Src/stm32l4xx_hal_adc.o
 .text.LL_ADC_SetChannelSamplingTime
                0x0000000008002786       0x56 Drivers/STM32L4xx_HAL_Driver/Src/stm32l4xx_hal_adc.o
 .text.LL_ADC_SetChannelSingleDiff
                0x00000000080027dc       0x48 Drivers/STM32L4xx_HAL_Driver/Src/stm32l4xx_hal_adc.o
 .text.LL_ADC_GetMultimode
                0x0000000008002824       0x1c Drivers/STM32L4xx_HAL_Driver/Src/stm32l4xx_hal_adc.o
 .text.LL_ADC_GetMultiDMATransfer
                0x0000000008002840       0x1c Drivers/STM32L4xx_HAL_Driver/Src/stm32l4xx_hal_adc.o
 .text.LL_ADC_DisableDeepPowerDown
                0x000000000800285c       0x24 Drivers/STM32L4xx_HAL_Driver/Src/stm32l4xx_hal_adc.o
 .text.LL_ADC_IsDeepPowerDownEnabled
                0x0000000008002880       0x28 Drivers/STM32L4xx_HAL_Driver/Src/stm32l4xx_hal_adc.o
 .text.LL_ADC_EnableInternalRegulator
                0x00000000080028a8       0x28 Drivers/STM32L4xx_HAL_Driver/Src/stm32l4xx_hal_adc.o
 .text.LL_ADC_IsInternalRegulatorEnabled
                0x00000000080028d0       0x28 Drivers/STM32L4xx_HAL_Driver/Src/stm32l4xx_hal_adc.o
 .text.LL_ADC_Enable
                0x00000000080028f8       0x28 Drivers/STM32L4xx_HAL_Driver/Src/stm32l4xx_hal_adc.o
 .text.LL_ADC_Disable
                0x0000000008002920       0x28 Drivers/STM32L4xx_HAL_Driver/Src/stm32l4xx_hal_adc.o
 .text.LL_ADC_IsEnabled
                0x0000000008002948       0x26 Drivers/STM32L4xx_HAL_Driver/Src/stm32l4xx_hal_adc.o
 .text.LL_ADC_IsDisableOngoing
                0x000000000800296e       0x26 Drivers/STM32L4xx_HAL_Driver/Src/stm32l4xx_hal_adc.o
 .text.LL_ADC_REG_StartConversion
                0x0000000008002994       0x28 Drivers/STM32L4xx_HAL_Driver/Src/stm32l4xx_hal_adc.o
 .text.LL_ADC_REG_StopConversion
                0x00000000080029bc       0x28 Drivers/STM32L4xx_HAL_Driver/Src/stm32l4xx_hal_adc.o
 .text.LL_ADC_REG_IsConversionOngoing
                0x00000000080029e4       0x26 Drivers/STM32L4xx_HAL_Driver/Src/stm32l4xx_hal_adc.o
 .text.LL_ADC_INJ_StopConversion
                0x0000000008002a0a       0x28 Drivers/STM32L4xx_HAL_Driver/Src/stm32l4xx_hal_adc.o
 .text.LL_ADC_INJ_IsConversionOngoing
                0x0000000008002a32       0x26 Drivers/STM32L4xx_HAL_Driver/Src/stm32l4xx_hal_adc.o
 .text.HAL_ADC_Init
                0x0000000008002a58      0x2b4 Drivers/STM32L4xx_HAL_Driver/Src/stm32l4xx_hal_adc.o
                0x0000000008002a58                HAL_ADC_Init
 .text.HAL_ADC_Start
                0x0000000008002d0c      0x174 Drivers/STM32L4xx_HAL_Driver/Src/stm32l4xx_hal_adc.o
                0x0000000008002d0c                HAL_ADC_Start
 .text.HAL_ADC_Stop
                0x0000000008002e80       0x66 Drivers/STM32L4xx_HAL_Driver/Src/stm32l4xx_hal_adc.o
                0x0000000008002e80                HAL_ADC_Stop
 *fill*         0x0000000008002ee6        0x2 
 .text.HAL_ADC_PollForConversion
                0x0000000008002ee8      0x1b0 Drivers/STM32L4xx_HAL_Driver/Src/stm32l4xx_hal_adc.o
                0x0000000008002ee8                HAL_ADC_PollForConversion
 .text.HAL_ADC_GetValue
                0x0000000008003098       0x1a Drivers/STM32L4xx_HAL_Driver/Src/stm32l4xx_hal_adc.o
                0x0000000008003098                HAL_ADC_GetValue
 *fill*         0x00000000080030b2        0x2 
 .text.HAL_ADC_ConfigChannel
                0x00000000080030b4      0x818 Drivers/STM32L4xx_HAL_Driver/Src/stm32l4xx_hal_adc.o
                0x00000000080030b4                HAL_ADC_ConfigChannel
 .text.ADC_ConversionStop
                0x00000000080038cc      0x178 Drivers/STM32L4xx_HAL_Driver/Src/stm32l4xx_hal_adc.o
                0x00000000080038cc                ADC_ConversionStop
 .text.ADC_Enable
                0x0000000008003a44       0xc4 Drivers/STM32L4xx_HAL_Driver/Src/stm32l4xx_hal_adc.o
                0x0000000008003a44                ADC_Enable
 .text.ADC_Disable
                0x0000000008003b08       0xbe Drivers/STM32L4xx_HAL_Driver/Src/stm32l4xx_hal_adc.o
                0x0000000008003b08                ADC_Disable
 .text.LL_ADC_IsEnabled
                0x0000000008003bc6       0x26 Drivers/STM32L4xx_HAL_Driver/Src/stm32l4xx_hal_adc_ex.o
 .text.LL_ADC_REG_IsConversionOngoing
                0x0000000008003bec       0x26 Drivers/STM32L4xx_HAL_Driver/Src/stm32l4xx_hal_adc_ex.o
 *fill*         0x0000000008003c12        0x2 
 .text.HAL_ADCEx_MultiModeConfigChannel
                0x0000000008003c14      0x160 Drivers/STM32L4xx_HAL_Driver/Src/stm32l4xx_hal_adc_ex.o
                0x0000000008003c14                HAL_ADCEx_MultiModeConfigChannel
 .text.HAL_CAN_Init
                0x0000000008003d74      0x1f6 Drivers/STM32L4xx_HAL_Driver/Src/stm32l4xx_hal_can.o
                0x0000000008003d74                HAL_CAN_Init
 *fill*         0x0000000008003f6a        0x2 
 .text.__NVIC_SetPriorityGrouping
                0x0000000008003f6c       0x48 Drivers/STM32L4xx_HAL_Driver/Src/stm32l4xx_hal_cortex.o
 .text.__NVIC_GetPriorityGrouping
                0x0000000008003fb4       0x1c Drivers/STM32L4xx_HAL_Driver/Src/stm32l4xx_hal_cortex.o
 .text.__NVIC_SetPriority
                0x0000000008003fd0       0x54 Drivers/STM32L4xx_HAL_Driver/Src/stm32l4xx_hal_cortex.o
 .text.NVIC_EncodePriority
                0x0000000008004024       0x66 Drivers/STM32L4xx_HAL_Driver/Src/stm32l4xx_hal_cortex.o
 *fill*         0x000000000800408a        0x2 
 .text.SysTick_Config
                0x000000000800408c       0x44 Drivers/STM32L4xx_HAL_Driver/Src/stm32l4xx_hal_cortex.o
 .text.HAL_NVIC_SetPriorityGrouping
                0x00000000080040d0       0x16 Drivers/STM32L4xx_HAL_Driver/Src/stm32l4xx_hal_cortex.o
                0x00000000080040d0                HAL_NVIC_SetPriorityGrouping
 .text.HAL_NVIC_SetPriority
                0x00000000080040e6       0x38 Drivers/STM32L4xx_HAL_Driver/Src/stm32l4xx_hal_cortex.o
                0x00000000080040e6                HAL_NVIC_SetPriority
 .text.HAL_SYSTICK_Config
                0x000000000800411e       0x18 Drivers/STM32L4xx_HAL_Driver/Src/stm32l4xx_hal_cortex.o
                0x000000000800411e                HAL_SYSTICK_Config
 *fill*         0x0000000008004136        0x2 
 .text.HAL_GPIO_Init
                0x0000000008004138      0x324 Drivers/STM32L4xx_HAL_Driver/Src/stm32l4xx_hal_gpio.o
                0x0000000008004138                HAL_GPIO_Init
 .text.HAL_GPIO_WritePin
                0x000000000800445c       0x30 Drivers/STM32L4xx_HAL_Driver/Src/stm32l4xx_hal_gpio.o
                0x000000000800445c                HAL_GPIO_WritePin
 .text.HAL_I2C_Init
                0x000000000800448c      0x11e Drivers/STM32L4xx_HAL_Driver/Src/stm32l4xx_hal_i2c.o
                0x000000000800448c                HAL_I2C_Init
 *fill*         0x00000000080045aa        0x2 
 .text.HAL_I2C_Mem_Write
                0x00000000080045ac      0x228 Drivers/STM32L4xx_HAL_Driver/Src/stm32l4xx_hal_i2c.o
                0x00000000080045ac                HAL_I2C_Mem_Write
 .text.HAL_I2C_Mem_Read
                0x00000000080047d4      0x234 Drivers/STM32L4xx_HAL_Driver/Src/stm32l4xx_hal_i2c.o
                0x00000000080047d4                HAL_I2C_Mem_Read
 .text.I2C_RequestMemoryWrite
                0x0000000008004a08       0xa8 Drivers/STM32L4xx_HAL_Driver/Src/stm32l4xx_hal_i2c.o
 .text.I2C_RequestMemoryRead
                0x0000000008004ab0       0xa8 Drivers/STM32L4xx_HAL_Driver/Src/stm32l4xx_hal_i2c.o
 .text.I2C_Flush_TXDR
                0x0000000008004b58       0x48 Drivers/STM32L4xx_HAL_Driver/Src/stm32l4xx_hal_i2c.o
 .text.I2C_WaitOnFlagUntilTimeout
                0x0000000008004ba0       0x80 Drivers/STM32L4xx_HAL_Driver/Src/stm32l4xx_hal_i2c.o
 .text.I2C_WaitOnTXISFlagUntilTimeout
                0x0000000008004c20       0x80 Drivers/STM32L4xx_HAL_Driver/Src/stm32l4xx_hal_i2c.o
 .text.I2C_WaitOnSTOPFlagUntilTimeout
                0x0000000008004ca0       0x78 Drivers/STM32L4xx_HAL_Driver/Src/stm32l4xx_hal_i2c.o
 .text.I2C_IsAcknowledgeFailed
                0x0000000008004d18       0xcc Drivers/STM32L4xx_HAL_Driver/Src/stm32l4xx_hal_i2c.o
 .text.I2C_TransferConfig
                0x0000000008004de4       0x5c Drivers/STM32L4xx_HAL_Driver/Src/stm32l4xx_hal_i2c.o
 .text.HAL_I2CEx_ConfigAnalogFilter
                0x0000000008004e40       0x96 Drivers/STM32L4xx_HAL_Driver/Src/stm32l4xx_hal_i2c_ex.o
                0x0000000008004e40                HAL_I2CEx_ConfigAnalogFilter
 .text.HAL_I2CEx_ConfigDigitalFilter
                0x0000000008004ed6       0x98 Drivers/STM32L4xx_HAL_Driver/Src/stm32l4xx_hal_i2c_ex.o
                0x0000000008004ed6                HAL_I2CEx_ConfigDigitalFilter
 *fill*         0x0000000008004f6e        0x2 
 .text.HAL_PWREx_GetVoltageRange
                0x0000000008004f70       0x1c Drivers/STM32L4xx_HAL_Driver/Src/stm32l4xx_hal_pwr_ex.o
                0x0000000008004f70                HAL_PWREx_GetVoltageRange
 .text.HAL_PWREx_ControlVoltageScaling
                0x0000000008004f8c       0xac Drivers/STM32L4xx_HAL_Driver/Src/stm32l4xx_hal_pwr_ex.o
                0x0000000008004f8c                HAL_PWREx_ControlVoltageScaling
 .text.HAL_PWREx_EnableVddIO2
                0x0000000008005038       0x20 Drivers/STM32L4xx_HAL_Driver/Src/stm32l4xx_hal_pwr_ex.o
                0x0000000008005038                HAL_PWREx_EnableVddIO2
 .text.HAL_QSPI_Init
                0x0000000008005058       0xf8 Drivers/STM32L4xx_HAL_Driver/Src/stm32l4xx_hal_qspi.o
                0x0000000008005058                HAL_QSPI_Init
 .text.HAL_QSPI_SetTimeout
                0x0000000008005150       0x1c Drivers/STM32L4xx_HAL_Driver/Src/stm32l4xx_hal_qspi.o
                0x0000000008005150                HAL_QSPI_SetTimeout
 .text.QSPI_WaitFlagStateUntilTimeout
                0x000000000800516c       0x6e Drivers/STM32L4xx_HAL_Driver/Src/stm32l4xx_hal_qspi.o
 *fill*         0x00000000080051da        0x2 
 .text.HAL_RCC_OscConfig
                0x00000000080051dc      0x84c Drivers/STM32L4xx_HAL_Driver/Src/stm32l4xx_hal_rcc.o
                0x00000000080051dc                HAL_RCC_OscConfig
 .text.HAL_RCC_ClockConfig
                0x0000000008005a28      0x1c4 Drivers/STM32L4xx_HAL_Driver/Src/stm32l4xx_hal_rcc.o
                0x0000000008005a28                HAL_RCC_ClockConfig
 .text.HAL_RCC_GetSysClockFreq
                0x0000000008005bec      0x118 Drivers/STM32L4xx_HAL_Driver/Src/stm32l4xx_hal_rcc.o
                0x0000000008005bec                HAL_RCC_GetSysClockFreq
 .text.HAL_RCC_GetHCLKFreq
                0x0000000008005d04       0x18 Drivers/STM32L4xx_HAL_Driver/Src/stm32l4xx_hal_rcc.o
                0x0000000008005d04                HAL_RCC_GetHCLKFreq
 .text.HAL_RCC_GetPCLK1Freq
                0x0000000008005d1c       0x2c Drivers/STM32L4xx_HAL_Driver/Src/stm32l4xx_hal_rcc.o
                0x0000000008005d1c                HAL_RCC_GetPCLK1Freq
 .text.HAL_RCC_GetPCLK2Freq
                0x0000000008005d48       0x2c Drivers/STM32L4xx_HAL_Driver/Src/stm32l4xx_hal_rcc.o
                0x0000000008005d48                HAL_RCC_GetPCLK2Freq
 .text.RCC_SetFlashLatencyFromMSIRange
                0x0000000008005d74       0xc0 Drivers/STM32L4xx_HAL_Driver/Src/stm32l4xx_hal_rcc.o
 .text.HAL_RCCEx_PeriphCLKConfig
                0x0000000008005e34      0x5f8 Drivers/STM32L4xx_HAL_Driver/Src/stm32l4xx_hal_rcc_ex.o
                0x0000000008005e34                HAL_RCCEx_PeriphCLKConfig
 .text.HAL_RCCEx_CRSConfig
                0x000000000800642c       0x84 Drivers/STM32L4xx_HAL_Driver/Src/stm32l4xx_hal_rcc_ex.o
                0x000000000800642c                HAL_RCCEx_CRSConfig
 .text.RCCEx_PLLSAI1_Config
                0x00000000080064b0      0x1e4 Drivers/STM32L4xx_HAL_Driver/Src/stm32l4xx_hal_rcc_ex.o
 .text.RCCEx_PLLSAI2_Config
                0x0000000008006694      0x1b8 Drivers/STM32L4xx_HAL_Driver/Src/stm32l4xx_hal_rcc_ex.o
 .text.HAL_SPI_Init
                0x000000000800684c      0x146 Drivers/STM32L4xx_HAL_Driver/Src/stm32l4xx_hal_spi.o
                0x000000000800684c                HAL_SPI_Init
 .text.HAL_UART_Init
                0x0000000008006992       0x9c Drivers/STM32L4xx_HAL_Driver/Src/stm32l4xx_hal_uart.o
                0x0000000008006992                HAL_UART_Init
 .text.HAL_UART_Transmit
                0x0000000008006a2e      0x128 Drivers/STM32L4xx_HAL_Driver/Src/stm32l4xx_hal_uart.o
                0x0000000008006a2e                HAL_UART_Transmit
 *fill*         0x0000000008006b56        0x2 
 .text.UART_SetConfig
                0x0000000008006b58      0x514 Drivers/STM32L4xx_HAL_Driver/Src/stm32l4xx_hal_uart.o
                0x0000000008006b58                UART_SetConfig
 .text.UART_AdvFeatureConfig
                0x000000000800706c      0x144 Drivers/STM32L4xx_HAL_Driver/Src/stm32l4xx_hal_uart.o
                0x000000000800706c                UART_AdvFeatureConfig
 .text.UART_CheckIdleState
                0x00000000080071b0       0x92 Drivers/STM32L4xx_HAL_Driver/Src/stm32l4xx_hal_uart.o
                0x00000000080071b0                UART_CheckIdleState
 .text.UART_WaitOnFlagUntilTimeout
                0x0000000008007242       0xf8 Drivers/STM32L4xx_HAL_Driver/Src/stm32l4xx_hal_uart.o
                0x0000000008007242                UART_WaitOnFlagUntilTimeout
 *fill*         0x000000000800733a        0x2 
 .text.lsm6ds3_powerReset
                0x000000000800733c       0x50 Functions/Src/lsm6ds3.o
                0x000000000800733c                lsm6ds3_powerReset
 .text.lsm6ds3_waitMeasure
                0x000000000800738c       0xb8 Functions/Src/lsm6ds3.o
                0x000000000800738c                lsm6ds3_waitMeasure
 .text.lsm6ds3_processBuff
                0x0000000008007444       0x3a Functions/Src/lsm6ds3.o
                0x0000000008007444                lsm6ds3_processBuff
 *fill*         0x000000000800747e        0x2 
 .text.lsm6ds3_configure
                0x0000000008007480       0xec Functions/Src/lsm6ds3.o
                0x0000000008007480                lsm6ds3_configure
 .text.lsm6ds3_readManufac
                0x000000000800756c       0x7c Functions/Src/lsm6ds3.o
                0x000000000800756c                lsm6ds3_readManufac
 .text.lsm6ds3_readAccData
                0x00000000080075e8      0x11c Functions/Src/lsm6ds3.o
                0x00000000080075e8                lsm6ds3_readAccData
 *fill*         0x0000000008007704        0x4 
 .text.lsm6ds3_readGyroData
                0x0000000008007708      0x11c Functions/Src/lsm6ds3.o
                0x0000000008007708                lsm6ds3_readGyroData
 .text.lsm6ds3_readTempData
                0x0000000008007824       0xb8 Functions/Src/lsm6ds3.o
                0x0000000008007824                lsm6ds3_readTempData
 .text.mcp9804_powerReset
                0x00000000080078dc       0x4c Functions/Src/mcp9804.o
                0x00000000080078dc                mcp9804_powerReset
 .text.mcp9804_configure
                0x0000000008007928       0x30 Functions/Src/mcp9804.o
                0x0000000008007928                mcp9804_configure
 .text.mcp9884_readManufac
                0x0000000008007958      0x118 Functions/Src/mcp9804.o
                0x0000000008007958                mcp9884_readManufac
 .text.mcp9884_readData
                0x0000000008007a70       0xe4 Functions/Src/mcp9804.o
                0x0000000008007a70                mcp9884_readData
 .text.mmc5883_powerReset
                0x0000000008007b54       0x6c Functions/Src/mmc5883.o
                0x0000000008007b54                mmc5883_powerReset
 .text.mmc5883_waitMeasure
                0x0000000008007bc0       0xb4 Functions/Src/mmc5883.o
                0x0000000008007bc0                mmc5883_waitMeasure
 .text.mmc5883_processBuff
                0x0000000008007c74       0x3c Functions/Src/mmc5883.o
                0x0000000008007c74                mmc5883_processBuff
 .text.mmc5883_configure
                0x0000000008007cb0       0x80 Functions/Src/mmc5883.o
                0x0000000008007cb0                mmc5883_configure
 .text.mmc5883_readManufac
                0x0000000008007d30       0x84 Functions/Src/mmc5883.o
                0x0000000008007d30                mmc5883_readManufac
 *fill*         0x0000000008007db4        0x4 
 .text.mmc5883_readMagData
                0x0000000008007db8      0x398 Functions/Src/mmc5883.o
                0x0000000008007db8                mmc5883_readMagData
 .text.mmc5883_readTempData
                0x0000000008008150      0x128 Functions/Src/mmc5883.o
                0x0000000008008150                mmc5883_readTempData
 .text.addr2str
                0x0000000008008278       0x50 Functions/Src/testing_tools.o
                0x0000000008008278                addr2str
 .text.assign_huartPtr
                0x00000000080082c8       0x28 Functions/Src/testing_tools.o
                0x00000000080082c8                assign_huartPtr
 .text.log_send
                0x00000000080082f0      0x110 Functions/Src/testing_tools.o
                0x00000000080082f0                log_send
 .text.__errno  0x0000000008008400        0xc /opt/st/stm32cubeide_1.6.0/plugins/com.st.stm32cube.ide.mcu.externaltools.gnu-tools-for-stm32.9-2020-q2-update.linux64_1.5.0.202011040924/tools/bin/../lib/gcc/arm-none-eabi/9.3.1/../../../../arm-none-eabi/lib/thumb/v7e-m+fp/hard/libc_nano.a(lib_a-errno.o)
                0x0000000008008400                __errno
 .text.__libc_init_array
                0x000000000800840c       0x48 /opt/st/stm32cubeide_1.6.0/plugins/com.st.stm32cube.ide.mcu.externaltools.gnu-tools-for-stm32.9-2020-q2-update.linux64_1.5.0.202011040924/tools/bin/../lib/gcc/arm-none-eabi/9.3.1/../../../../arm-none-eabi/lib/thumb/v7e-m+fp/hard/libc_nano.a(lib_a-init.o)
                0x000000000800840c                __libc_init_array
 .text.memset   0x0000000008008454       0x10 /opt/st/stm32cubeide_1.6.0/plugins/com.st.stm32cube.ide.mcu.externaltools.gnu-tools-for-stm32.9-2020-q2-update.linux64_1.5.0.202011040924/tools/bin/../lib/gcc/arm-none-eabi/9.3.1/../../../../arm-none-eabi/lib/thumb/v7e-m+fp/hard/libc_nano.a(lib_a-memset.o)
                0x0000000008008454                memset
 .text.__cvt    0x0000000008008464       0xc4 /opt/st/stm32cubeide_1.6.0/plugins/com.st.stm32cube.ide.mcu.externaltools.gnu-tools-for-stm32.9-2020-q2-update.linux64_1.5.0.202011040924/tools/bin/../lib/gcc/arm-none-eabi/9.3.1/../../../../arm-none-eabi/lib/thumb/v7e-m+fp/hard/libc_nano.a(lib_a-nano-vfprintf_float.o)
                0x0000000008008464                __cvt
 .text.__exponent
                0x0000000008008528       0x7c /opt/st/stm32cubeide_1.6.0/plugins/com.st.stm32cube.ide.mcu.externaltools.gnu-tools-for-stm32.9-2020-q2-update.linux64_1.5.0.202011040924/tools/bin/../lib/gcc/arm-none-eabi/9.3.1/../../../../arm-none-eabi/lib/thumb/v7e-m+fp/hard/libc_nano.a(lib_a-nano-vfprintf_float.o)
                0x0000000008008528                __exponent
 .text._printf_float
                0x00000000080085a4      0x46c /opt/st/stm32cubeide_1.6.0/plugins/com.st.stm32cube.ide.mcu.externaltools.gnu-tools-for-stm32.9-2020-q2-update.linux64_1.5.0.202011040924/tools/bin/../lib/gcc/arm-none-eabi/9.3.1/../../../../arm-none-eabi/lib/thumb/v7e-m+fp/hard/libc_nano.a(lib_a-nano-vfprintf_float.o)
                0x00000000080085a4                _printf_float
 .text._printf_common
                0x0000000008008a10       0xda /opt/st/stm32cubeide_1.6.0/plugins/com.st.stm32cube.ide.mcu.externaltools.gnu-tools-for-stm32.9-2020-q2-update.linux64_1.5.0.202011040924/tools/bin/../lib/gcc/arm-none-eabi/9.3.1/../../../../arm-none-eabi/lib/thumb/v7e-m+fp/hard/libc_nano.a(lib_a-nano-vfprintf_i.o)
                0x0000000008008a10                _printf_common
 *fill*         0x0000000008008aea        0x2 
 .text._printf_i
                0x0000000008008aec      0x24c /opt/st/stm32cubeide_1.6.0/plugins/com.st.stm32cube.ide.mcu.externaltools.gnu-tools-for-stm32.9-2020-q2-update.linux64_1.5.0.202011040924/tools/bin/../lib/gcc/arm-none-eabi/9.3.1/../../../../arm-none-eabi/lib/thumb/v7e-m+fp/hard/libc_nano.a(lib_a-nano-vfprintf_i.o)
                0x0000000008008aec                _printf_i
 .text._scanf_float
                0x0000000008008d38      0x420 /opt/st/stm32cubeide_1.6.0/plugins/com.st.stm32cube.ide.mcu.externaltools.gnu-tools-for-stm32.9-2020-q2-update.linux64_1.5.0.202011040924/tools/bin/../lib/gcc/arm-none-eabi/9.3.1/../../../../arm-none-eabi/lib/thumb/v7e-m+fp/hard/libc_nano.a(lib_a-nano-vfscanf_float.o)
                0x0000000008008d38                _scanf_float
 .text.printf   0x0000000008009158       0x30 /opt/st/stm32cubeide_1.6.0/plugins/com.st.stm32cube.ide.mcu.externaltools.gnu-tools-for-stm32.9-2020-q2-update.linux64_1.5.0.202011040924/tools/bin/../lib/gcc/arm-none-eabi/9.3.1/../../../../arm-none-eabi/lib/thumb/v7e-m+fp/hard/libc_nano.a(lib_a-printf.o)
                0x0000000008009158                printf
                0x0000000008009158                iprintf
 .text._puts_r  0x0000000008009188       0xdc /opt/st/stm32cubeide_1.6.0/plugins/com.st.stm32cube.ide.mcu.externaltools.gnu-tools-for-stm32.9-2020-q2-update.linux64_1.5.0.202011040924/tools/bin/../lib/gcc/arm-none-eabi/9.3.1/../../../../arm-none-eabi/lib/thumb/v7e-m+fp/hard/libc_nano.a(lib_a-puts.o)
                0x0000000008009188                _puts_r
 .text.puts     0x0000000008009264       0x10 /opt/st/stm32cubeide_1.6.0/plugins/com.st.stm32cube.ide.mcu.externaltools.gnu-tools-for-stm32.9-2020-q2-update.linux64_1.5.0.202011040924/tools/bin/../lib/gcc/arm-none-eabi/9.3.1/../../../../arm-none-eabi/lib/thumb/v7e-m+fp/hard/libc_nano.a(lib_a-puts.o)
                0x0000000008009264                puts
 .text.nanf     0x0000000008009274        0xc /opt/st/stm32cubeide_1.6.0/plugins/com.st.stm32cube.ide.mcu.externaltools.gnu-tools-for-stm32.9-2020-q2-update.linux64_1.5.0.202011040924/tools/bin/../lib/gcc/arm-none-eabi/9.3.1/../../../../arm-none-eabi/lib/thumb/v7e-m+fp/hard/libc_nano.a(lib_a-sf_nan.o)
                0x0000000008009274                nanf
 .text.sprintf  0x0000000008009280       0x40 /opt/st/stm32cubeide_1.6.0/plugins/com.st.stm32cube.ide.mcu.externaltools.gnu-tools-for-stm32.9-2020-q2-update.linux64_1.5.0.202011040924/tools/bin/../lib/gcc/arm-none-eabi/9.3.1/../../../../arm-none-eabi/lib/thumb/v7e-m+fp/hard/libc_nano.a(lib_a-sprintf.o)
                0x0000000008009280                sprintf
                0x0000000008009280                siprintf
 .text.sulp     0x00000000080092c0       0x38 /opt/st/stm32cubeide_1.6.0/plugins/com.st.stm32cube.ide.mcu.externaltools.gnu-tools-for-stm32.9-2020-q2-update.linux64_1.5.0.202011040924/tools/bin/../lib/gcc/arm-none-eabi/9.3.1/../../../../arm-none-eabi/lib/thumb/v7e-m+fp/hard/libc_nano.a(lib_a-strtod.o)
 .text._strtod_l
                0x00000000080092f8      0xc14 /opt/st/stm32cubeide_1.6.0/plugins/com.st.stm32cube.ide.mcu.externaltools.gnu-tools-for-stm32.9-2020-q2-update.linux64_1.5.0.202011040924/tools/bin/../lib/gcc/arm-none-eabi/9.3.1/../../../../arm-none-eabi/lib/thumb/v7e-m+fp/hard/libc_nano.a(lib_a-strtod.o)
                0x00000000080092f8                _strtod_l
 .text._strtod_r
                0x0000000008009f0c        0xc /opt/st/stm32cubeide_1.6.0/plugins/com.st.stm32cube.ide.mcu.externaltools.gnu-tools-for-stm32.9-2020-q2-update.linux64_1.5.0.202011040924/tools/bin/../lib/gcc/arm-none-eabi/9.3.1/../../../../arm-none-eabi/lib/thumb/v7e-m+fp/hard/libc_nano.a(lib_a-strtod.o)
                0x0000000008009f0c                _strtod_r
 .text._strtol_l.isra.0
                0x0000000008009f18      0x108 /opt/st/stm32cubeide_1.6.0/plugins/com.st.stm32cube.ide.mcu.externaltools.gnu-tools-for-stm32.9-2020-q2-update.linux64_1.5.0.202011040924/tools/bin/../lib/gcc/arm-none-eabi/9.3.1/../../../../arm-none-eabi/lib/thumb/v7e-m+fp/hard/libc_nano.a(lib_a-strtol.o)
 .text._strtol_r
                0x000000000800a020        0x4 /opt/st/stm32cubeide_1.6.0/plugins/com.st.stm32cube.ide.mcu.externaltools.gnu-tools-for-stm32.9-2020-q2-update.linux64_1.5.0.202011040924/tools/bin/../lib/gcc/arm-none-eabi/9.3.1/../../../../arm-none-eabi/lib/thumb/v7e-m+fp/hard/libc_nano.a(lib_a-strtol.o)
                0x000000000800a020                _strtol_r
 .text.__swbuf_r
                0x000000000800a024       0xa4 /opt/st/stm32cubeide_1.6.0/plugins/com.st.stm32cube.ide.mcu.externaltools.gnu-tools-for-stm32.9-2020-q2-update.linux64_1.5.0.202011040924/tools/bin/../lib/gcc/arm-none-eabi/9.3.1/../../../../arm-none-eabi/lib/thumb/v7e-m+fp/hard/libc_nano.a(lib_a-wbuf.o)
                0x000000000800a024                __swbuf_r
 .text.__swsetup_r
                0x000000000800a0c8       0xdc /opt/st/stm32cubeide_1.6.0/plugins/com.st.stm32cube.ide.mcu.externaltools.gnu-tools-for-stm32.9-2020-q2-update.linux64_1.5.0.202011040924/tools/bin/../lib/gcc/arm-none-eabi/9.3.1/../../../../arm-none-eabi/lib/thumb/v7e-m+fp/hard/libc_nano.a(lib_a-wsetup.o)
                0x000000000800a0c8                __swsetup_r
 .text.quorem   0x000000000800a1a4      0x116 /opt/st/stm32cubeide_1.6.0/plugins/com.st.stm32cube.ide.mcu.externaltools.gnu-tools-for-stm32.9-2020-q2-update.linux64_1.5.0.202011040924/tools/bin/../lib/gcc/arm-none-eabi/9.3.1/../../../../arm-none-eabi/lib/thumb/v7e-m+fp/hard/libc_nano.a(lib_a-dtoa.o)
 *fill*         0x000000000800a2ba        0x6 
 .text._dtoa_r  0x000000000800a2c0      0xbd8 /opt/st/stm32cubeide_1.6.0/plugins/com.st.stm32cube.ide.mcu.externaltools.gnu-tools-for-stm32.9-2020-q2-update.linux64_1.5.0.202011040924/tools/bin/../lib/gcc/arm-none-eabi/9.3.1/../../../../arm-none-eabi/lib/thumb/v7e-m+fp/hard/libc_nano.a(lib_a-dtoa.o)
                0x000000000800a2c0                _dtoa_r
 .text.__sflush_r
                0x000000000800ae98      0x10c /opt/st/stm32cubeide_1.6.0/plugins/com.st.stm32cube.ide.mcu.externaltools.gnu-tools-for-stm32.9-2020-q2-update.linux64_1.5.0.202011040924/tools/bin/../lib/gcc/arm-none-eabi/9.3.1/../../../../arm-none-eabi/lib/thumb/v7e-m+fp/hard/libc_nano.a(lib_a-fflush.o)
                0x000000000800ae98                __sflush_r
 .text._fflush_r
                0x000000000800afa4       0x78 /opt/st/stm32cubeide_1.6.0/plugins/com.st.stm32cube.ide.mcu.externaltools.gnu-tools-for-stm32.9-2020-q2-update.linux64_1.5.0.202011040924/tools/bin/../lib/gcc/arm-none-eabi/9.3.1/../../../../arm-none-eabi/lib/thumb/v7e-m+fp/hard/libc_nano.a(lib_a-fflush.o)
                0x000000000800afa4                _fflush_r
 .text.std      0x000000000800b01c       0x48 /opt/st/stm32cubeide_1.6.0/plugins/com.st.stm32cube.ide.mcu.externaltools.gnu-tools-for-stm32.9-2020-q2-update.linux64_1.5.0.202011040924/tools/bin/../lib/gcc/arm-none-eabi/9.3.1/../../../../arm-none-eabi/lib/thumb/v7e-m+fp/hard/libc_nano.a(lib_a-findfp.o)
 .text._cleanup_r
                0x000000000800b064        0xc /opt/st/stm32cubeide_1.6.0/plugins/com.st.stm32cube.ide.mcu.externaltools.gnu-tools-for-stm32.9-2020-q2-update.linux64_1.5.0.202011040924/tools/bin/../lib/gcc/arm-none-eabi/9.3.1/../../../../arm-none-eabi/lib/thumb/v7e-m+fp/hard/libc_nano.a(lib_a-findfp.o)
                0x000000000800b064                _cleanup_r
 .text.__sfmoreglue
                0x000000000800b070       0x2c /opt/st/stm32cubeide_1.6.0/plugins/com.st.stm32cube.ide.mcu.externaltools.gnu-tools-for-stm32.9-2020-q2-update.linux64_1.5.0.202011040924/tools/bin/../lib/gcc/arm-none-eabi/9.3.1/../../../../arm-none-eabi/lib/thumb/v7e-m+fp/hard/libc_nano.a(lib_a-findfp.o)
                0x000000000800b070                __sfmoreglue
 .text.__sfp_lock_acquire
                0x000000000800b09c        0xc /opt/st/stm32cubeide_1.6.0/plugins/com.st.stm32cube.ide.mcu.externaltools.gnu-tools-for-stm32.9-2020-q2-update.linux64_1.5.0.202011040924/tools/bin/../lib/gcc/arm-none-eabi/9.3.1/../../../../arm-none-eabi/lib/thumb/v7e-m+fp/hard/libc_nano.a(lib_a-findfp.o)
                0x000000000800b09c                __sfp_lock_acquire
 .text.__sfp_lock_release
                0x000000000800b0a8        0xc /opt/st/stm32cubeide_1.6.0/plugins/com.st.stm32cube.ide.mcu.externaltools.gnu-tools-for-stm32.9-2020-q2-update.linux64_1.5.0.202011040924/tools/bin/../lib/gcc/arm-none-eabi/9.3.1/../../../../arm-none-eabi/lib/thumb/v7e-m+fp/hard/libc_nano.a(lib_a-findfp.o)
                0x000000000800b0a8                __sfp_lock_release
 .text.__sinit_lock_acquire
                0x000000000800b0b4        0xc /opt/st/stm32cubeide_1.6.0/plugins/com.st.stm32cube.ide.mcu.externaltools.gnu-tools-for-stm32.9-2020-q2-update.linux64_1.5.0.202011040924/tools/bin/../lib/gcc/arm-none-eabi/9.3.1/../../../../arm-none-eabi/lib/thumb/v7e-m+fp/hard/libc_nano.a(lib_a-findfp.o)
                0x000000000800b0b4                __sinit_lock_acquire
 .text.__sinit_lock_release
                0x000000000800b0c0        0xc /opt/st/stm32cubeide_1.6.0/plugins/com.st.stm32cube.ide.mcu.externaltools.gnu-tools-for-stm32.9-2020-q2-update.linux64_1.5.0.202011040924/tools/bin/../lib/gcc/arm-none-eabi/9.3.1/../../../../arm-none-eabi/lib/thumb/v7e-m+fp/hard/libc_nano.a(lib_a-findfp.o)
                0x000000000800b0c0                __sinit_lock_release
 .text.__sinit  0x000000000800b0cc       0x70 /opt/st/stm32cubeide_1.6.0/plugins/com.st.stm32cube.ide.mcu.externaltools.gnu-tools-for-stm32.9-2020-q2-update.linux64_1.5.0.202011040924/tools/bin/../lib/gcc/arm-none-eabi/9.3.1/../../../../arm-none-eabi/lib/thumb/v7e-m+fp/hard/libc_nano.a(lib_a-findfp.o)
                0x000000000800b0cc                __sinit
 .text.__sfp    0x000000000800b13c       0x8c /opt/st/stm32cubeide_1.6.0/plugins/com.st.stm32cube.ide.mcu.externaltools.gnu-tools-for-stm32.9-2020-q2-update.linux64_1.5.0.202011040924/tools/bin/../lib/gcc/arm-none-eabi/9.3.1/../../../../arm-none-eabi/lib/thumb/v7e-m+fp/hard/libc_nano.a(lib_a-findfp.o)
                0x000000000800b13c                __sfp
 .text._fwalk_reent
                0x000000000800b1c8       0x3e /opt/st/stm32cubeide_1.6.0/plugins/com.st.stm32cube.ide.mcu.externaltools.gnu-tools-for-stm32.9-2020-q2-update.linux64_1.5.0.202011040924/tools/bin/../lib/gcc/arm-none-eabi/9.3.1/../../../../arm-none-eabi/lib/thumb/v7e-m+fp/hard/libc_nano.a(lib_a-fwalk.o)
                0x000000000800b1c8                _fwalk_reent
 .text.rshift   0x000000000800b206       0xa4 /opt/st/stm32cubeide_1.6.0/plugins/com.st.stm32cube.ide.mcu.externaltools.gnu-tools-for-stm32.9-2020-q2-update.linux64_1.5.0.202011040924/tools/bin/../lib/gcc/arm-none-eabi/9.3.1/../../../../arm-none-eabi/lib/thumb/v7e-m+fp/hard/libc_nano.a(lib_a-gdtoa-gethex.o)
 .text.__hexdig_fun
                0x000000000800b2aa       0x2a /opt/st/stm32cubeide_1.6.0/plugins/com.st.stm32cube.ide.mcu.externaltools.gnu-tools-for-stm32.9-2020-q2-update.linux64_1.5.0.202011040924/tools/bin/../lib/gcc/arm-none-eabi/9.3.1/../../../../arm-none-eabi/lib/thumb/v7e-m+fp/hard/libc_nano.a(lib_a-gdtoa-gethex.o)
                0x000000000800b2aa                __hexdig_fun
 .text.__gethex
                0x000000000800b2d4      0x48c /opt/st/stm32cubeide_1.6.0/plugins/com.st.stm32cube.ide.mcu.externaltools.gnu-tools-for-stm32.9-2020-q2-update.linux64_1.5.0.202011040924/tools/bin/../lib/gcc/arm-none-eabi/9.3.1/../../../../arm-none-eabi/lib/thumb/v7e-m+fp/hard/libc_nano.a(lib_a-gdtoa-gethex.o)
                0x000000000800b2d4                __gethex
 .text.L_shift  0x000000000800b760       0x24 /opt/st/stm32cubeide_1.6.0/plugins/com.st.stm32cube.ide.mcu.externaltools.gnu-tools-for-stm32.9-2020-q2-update.linux64_1.5.0.202011040924/tools/bin/../lib/gcc/arm-none-eabi/9.3.1/../../../../arm-none-eabi/lib/thumb/v7e-m+fp/hard/libc_nano.a(lib_a-gdtoa-hexnan.o)
 .text.__match  0x000000000800b784       0x28 /opt/st/stm32cubeide_1.6.0/plugins/com.st.stm32cube.ide.mcu.externaltools.gnu-tools-for-stm32.9-2020-q2-update.linux64_1.5.0.202011040924/tools/bin/../lib/gcc/arm-none-eabi/9.3.1/../../../../arm-none-eabi/lib/thumb/v7e-m+fp/hard/libc_nano.a(lib_a-gdtoa-hexnan.o)
                0x000000000800b784                __match
 .text.__hexnan
                0x000000000800b7ac      0x138 /opt/st/stm32cubeide_1.6.0/plugins/com.st.stm32cube.ide.mcu.externaltools.gnu-tools-for-stm32.9-2020-q2-update.linux64_1.5.0.202011040924/tools/bin/../lib/gcc/arm-none-eabi/9.3.1/../../../../arm-none-eabi/lib/thumb/v7e-m+fp/hard/libc_nano.a(lib_a-gdtoa-hexnan.o)
                0x000000000800b7ac                __hexnan
 .text._localeconv_r
                0x000000000800b8e4        0x8 /opt/st/stm32cubeide_1.6.0/plugins/com.st.stm32cube.ide.mcu.externaltools.gnu-tools-for-stm32.9-2020-q2-update.linux64_1.5.0.202011040924/tools/bin/../lib/gcc/arm-none-eabi/9.3.1/../../../../arm-none-eabi/lib/thumb/v7e-m+fp/hard/libc_nano.a(lib_a-localeconv.o)
                0x000000000800b8e4                _localeconv_r
 .text.__retarget_lock_init_recursive
                0x000000000800b8ec        0x2 /opt/st/stm32cubeide_1.6.0/plugins/com.st.stm32cube.ide.mcu.externaltools.gnu-tools-for-stm32.9-2020-q2-update.linux64_1.5.0.202011040924/tools/bin/../lib/gcc/arm-none-eabi/9.3.1/../../../../arm-none-eabi/lib/thumb/v7e-m+fp/hard/libc_nano.a(lib_a-lock.o)
                0x000000000800b8ec                __retarget_lock_init_recursive
 .text.__retarget_lock_acquire_recursive
                0x000000000800b8ee        0x2 /opt/st/stm32cubeide_1.6.0/plugins/com.st.stm32cube.ide.mcu.externaltools.gnu-tools-for-stm32.9-2020-q2-update.linux64_1.5.0.202011040924/tools/bin/../lib/gcc/arm-none-eabi/9.3.1/../../../../arm-none-eabi/lib/thumb/v7e-m+fp/hard/libc_nano.a(lib_a-lock.o)
                0x000000000800b8ee                __retarget_lock_acquire_recursive
 .text.__retarget_lock_release_recursive
                0x000000000800b8f0        0x2 /opt/st/stm32cubeide_1.6.0/plugins/com.st.stm32cube.ide.mcu.externaltools.gnu-tools-for-stm32.9-2020-q2-update.linux64_1.5.0.202011040924/tools/bin/../lib/gcc/arm-none-eabi/9.3.1/../../../../arm-none-eabi/lib/thumb/v7e-m+fp/hard/libc_nano.a(lib_a-lock.o)
                0x000000000800b8f0                __retarget_lock_release_recursive
 .text.__swhatbuf_r
                0x000000000800b8f2       0x48 /opt/st/stm32cubeide_1.6.0/plugins/com.st.stm32cube.ide.mcu.externaltools.gnu-tools-for-stm32.9-2020-q2-update.linux64_1.5.0.202011040924/tools/bin/../lib/gcc/arm-none-eabi/9.3.1/../../../../arm-none-eabi/lib/thumb/v7e-m+fp/hard/libc_nano.a(lib_a-makebuf.o)
                0x000000000800b8f2                __swhatbuf_r
 *fill*         0x000000000800b93a        0x2 
 .text.__smakebuf_r
                0x000000000800b93c       0x80 /opt/st/stm32cubeide_1.6.0/plugins/com.st.stm32cube.ide.mcu.externaltools.gnu-tools-for-stm32.9-2020-q2-update.linux64_1.5.0.202011040924/tools/bin/../lib/gcc/arm-none-eabi/9.3.1/../../../../arm-none-eabi/lib/thumb/v7e-m+fp/hard/libc_nano.a(lib_a-makebuf.o)
                0x000000000800b93c                __smakebuf_r
 .text.malloc   0x000000000800b9bc       0x10 /opt/st/stm32cubeide_1.6.0/plugins/com.st.stm32cube.ide.mcu.externaltools.gnu-tools-for-stm32.9-2020-q2-update.linux64_1.5.0.202011040924/tools/bin/../lib/gcc/arm-none-eabi/9.3.1/../../../../arm-none-eabi/lib/thumb/v7e-m+fp/hard/libc_nano.a(lib_a-malloc.o)
                0x000000000800b9bc                malloc
 .text.__ascii_mbtowc
                0x000000000800b9cc       0x24 /opt/st/stm32cubeide_1.6.0/plugins/com.st.stm32cube.ide.mcu.externaltools.gnu-tools-for-stm32.9-2020-q2-update.linux64_1.5.0.202011040924/tools/bin/../lib/gcc/arm-none-eabi/9.3.1/../../../../arm-none-eabi/lib/thumb/v7e-m+fp/hard/libc_nano.a(lib_a-mbtowc_r.o)
                0x000000000800b9cc                __ascii_mbtowc
 .text.memcpy   0x000000000800b9f0       0x1c /opt/st/stm32cubeide_1.6.0/plugins/com.st.stm32cube.ide.mcu.externaltools.gnu-tools-for-stm32.9-2020-q2-update.linux64_1.5.0.202011040924/tools/bin/../lib/gcc/arm-none-eabi/9.3.1/../../../../arm-none-eabi/lib/thumb/v7e-m+fp/hard/libc_nano.a(lib_a-memcpy-stub.o)
                0x000000000800b9f0                memcpy
 .text._Balloc  0x000000000800ba0c       0x80 /opt/st/stm32cubeide_1.6.0/plugins/com.st.stm32cube.ide.mcu.externaltools.gnu-tools-for-stm32.9-2020-q2-update.linux64_1.5.0.202011040924/tools/bin/../lib/gcc/arm-none-eabi/9.3.1/../../../../arm-none-eabi/lib/thumb/v7e-m+fp/hard/libc_nano.a(lib_a-mprec.o)
                0x000000000800ba0c                _Balloc
 .text._Bfree   0x000000000800ba8c       0x44 /opt/st/stm32cubeide_1.6.0/plugins/com.st.stm32cube.ide.mcu.externaltools.gnu-tools-for-stm32.9-2020-q2-update.linux64_1.5.0.202011040924/tools/bin/../lib/gcc/arm-none-eabi/9.3.1/../../../../arm-none-eabi/lib/thumb/v7e-m+fp/hard/libc_nano.a(lib_a-mprec.o)
                0x000000000800ba8c                _Bfree
 .text.__multadd
                0x000000000800bad0       0x94 /opt/st/stm32cubeide_1.6.0/plugins/com.st.stm32cube.ide.mcu.externaltools.gnu-tools-for-stm32.9-2020-q2-update.linux64_1.5.0.202011040924/tools/bin/../lib/gcc/arm-none-eabi/9.3.1/../../../../arm-none-eabi/lib/thumb/v7e-m+fp/hard/libc_nano.a(lib_a-mprec.o)
                0x000000000800bad0                __multadd
 .text.__s2b    0x000000000800bb64       0x94 /opt/st/stm32cubeide_1.6.0/plugins/com.st.stm32cube.ide.mcu.externaltools.gnu-tools-for-stm32.9-2020-q2-update.linux64_1.5.0.202011040924/tools/bin/../lib/gcc/arm-none-eabi/9.3.1/../../../../arm-none-eabi/lib/thumb/v7e-m+fp/hard/libc_nano.a(lib_a-mprec.o)
                0x000000000800bb64                __s2b
 .text.__hi0bits
                0x000000000800bbf8       0x40 /opt/st/stm32cubeide_1.6.0/plugins/com.st.stm32cube.ide.mcu.externaltools.gnu-tools-for-stm32.9-2020-q2-update.linux64_1.5.0.202011040924/tools/bin/../lib/gcc/arm-none-eabi/9.3.1/../../../../arm-none-eabi/lib/thumb/v7e-m+fp/hard/libc_nano.a(lib_a-mprec.o)
                0x000000000800bbf8                __hi0bits
 .text.__lo0bits
                0x000000000800bc38       0x60 /opt/st/stm32cubeide_1.6.0/plugins/com.st.stm32cube.ide.mcu.externaltools.gnu-tools-for-stm32.9-2020-q2-update.linux64_1.5.0.202011040924/tools/bin/../lib/gcc/arm-none-eabi/9.3.1/../../../../arm-none-eabi/lib/thumb/v7e-m+fp/hard/libc_nano.a(lib_a-mprec.o)
                0x000000000800bc38                __lo0bits
 .text.__i2b    0x000000000800bc98       0x2c /opt/st/stm32cubeide_1.6.0/plugins/com.st.stm32cube.ide.mcu.externaltools.gnu-tools-for-stm32.9-2020-q2-update.linux64_1.5.0.202011040924/tools/bin/../lib/gcc/arm-none-eabi/9.3.1/../../../../arm-none-eabi/lib/thumb/v7e-m+fp/hard/libc_nano.a(lib_a-mprec.o)
                0x000000000800bc98                __i2b
 .text.__multiply
                0x000000000800bcc4      0x14c /opt/st/stm32cubeide_1.6.0/plugins/com.st.stm32cube.ide.mcu.externaltools.gnu-tools-for-stm32.9-2020-q2-update.linux64_1.5.0.202011040924/tools/bin/../lib/gcc/arm-none-eabi/9.3.1/../../../../arm-none-eabi/lib/thumb/v7e-m+fp/hard/libc_nano.a(lib_a-mprec.o)
                0x000000000800bcc4                __multiply
 .text.__pow5mult
                0x000000000800be10       0xb4 /opt/st/stm32cubeide_1.6.0/plugins/com.st.stm32cube.ide.mcu.externaltools.gnu-tools-for-stm32.9-2020-q2-update.linux64_1.5.0.202011040924/tools/bin/../lib/gcc/arm-none-eabi/9.3.1/../../../../arm-none-eabi/lib/thumb/v7e-m+fp/hard/libc_nano.a(lib_a-mprec.o)
                0x000000000800be10                __pow5mult
 .text.__lshift
                0x000000000800bec4       0xd8 /opt/st/stm32cubeide_1.6.0/plugins/com.st.stm32cube.ide.mcu.externaltools.gnu-tools-for-stm32.9-2020-q2-update.linux64_1.5.0.202011040924/tools/bin/../lib/gcc/arm-none-eabi/9.3.1/../../../../arm-none-eabi/lib/thumb/v7e-m+fp/hard/libc_nano.a(lib_a-mprec.o)
                0x000000000800bec4                __lshift
 .text.__mcmp   0x000000000800bf9c       0x38 /opt/st/stm32cubeide_1.6.0/plugins/com.st.stm32cube.ide.mcu.externaltools.gnu-tools-for-stm32.9-2020-q2-update.linux64_1.5.0.202011040924/tools/bin/../lib/gcc/arm-none-eabi/9.3.1/../../../../arm-none-eabi/lib/thumb/v7e-m+fp/hard/libc_nano.a(lib_a-mprec.o)
                0x000000000800bf9c                __mcmp
 .text.__mdiff  0x000000000800bfd4      0x110 /opt/st/stm32cubeide_1.6.0/plugins/com.st.stm32cube.ide.mcu.externaltools.gnu-tools-for-stm32.9-2020-q2-update.linux64_1.5.0.202011040924/tools/bin/../lib/gcc/arm-none-eabi/9.3.1/../../../../arm-none-eabi/lib/thumb/v7e-m+fp/hard/libc_nano.a(lib_a-mprec.o)
                0x000000000800bfd4                __mdiff
 .text.__ulp    0x000000000800c0e4       0x58 /opt/st/stm32cubeide_1.6.0/plugins/com.st.stm32cube.ide.mcu.externaltools.gnu-tools-for-stm32.9-2020-q2-update.linux64_1.5.0.202011040924/tools/bin/../lib/gcc/arm-none-eabi/9.3.1/../../../../arm-none-eabi/lib/thumb/v7e-m+fp/hard/libc_nano.a(lib_a-mprec.o)
                0x000000000800c0e4                __ulp
 .text.__b2d    0x000000000800c13c       0xa0 /opt/st/stm32cubeide_1.6.0/plugins/com.st.stm32cube.ide.mcu.externaltools.gnu-tools-for-stm32.9-2020-q2-update.linux64_1.5.0.202011040924/tools/bin/../lib/gcc/arm-none-eabi/9.3.1/../../../../arm-none-eabi/lib/thumb/v7e-m+fp/hard/libc_nano.a(lib_a-mprec.o)
                0x000000000800c13c                __b2d
 .text.__d2b    0x000000000800c1dc       0xb8 /opt/st/stm32cubeide_1.6.0/plugins/com.st.stm32cube.ide.mcu.externaltools.gnu-tools-for-stm32.9-2020-q2-update.linux64_1.5.0.202011040924/tools/bin/../lib/gcc/arm-none-eabi/9.3.1/../../../../arm-none-eabi/lib/thumb/v7e-m+fp/hard/libc_nano.a(lib_a-mprec.o)
                0x000000000800c1dc                __d2b
 .text.__ratio  0x000000000800c294       0x66 /opt/st/stm32cubeide_1.6.0/plugins/com.st.stm32cube.ide.mcu.externaltools.gnu-tools-for-stm32.9-2020-q2-update.linux64_1.5.0.202011040924/tools/bin/../lib/gcc/arm-none-eabi/9.3.1/../../../../arm-none-eabi/lib/thumb/v7e-m+fp/hard/libc_nano.a(lib_a-mprec.o)
                0x000000000800c294                __ratio
 .text.__copybits
                0x000000000800c2fa       0x46 /opt/st/stm32cubeide_1.6.0/plugins/com.st.stm32cube.ide.mcu.externaltools.gnu-tools-for-stm32.9-2020-q2-update.linux64_1.5.0.202011040924/tools/bin/../lib/gcc/arm-none-eabi/9.3.1/../../../../arm-none-eabi/lib/thumb/v7e-m+fp/hard/libc_nano.a(lib_a-mprec.o)
                0x000000000800c2fa                __copybits
 .text.__any_on
                0x000000000800c340       0x42 /opt/st/stm32cubeide_1.6.0/plugins/com.st.stm32cube.ide.mcu.externaltools.gnu-tools-for-stm32.9-2020-q2-update.linux64_1.5.0.202011040924/tools/bin/../lib/gcc/arm-none-eabi/9.3.1/../../../../arm-none-eabi/lib/thumb/v7e-m+fp/hard/libc_nano.a(lib_a-mprec.o)
                0x000000000800c340                __any_on
 .text._calloc_r
                0x000000000800c382       0x1e /opt/st/stm32cubeide_1.6.0/plugins/com.st.stm32cube.ide.mcu.externaltools.gnu-tools-for-stm32.9-2020-q2-update.linux64_1.5.0.202011040924/tools/bin/../lib/gcc/arm-none-eabi/9.3.1/../../../../arm-none-eabi/lib/thumb/v7e-m+fp/hard/libc_nano.a(lib_a-nano-callocr.o)
                0x000000000800c382                _calloc_r
 .text._free_r  0x000000000800c3a0       0xa0 /opt/st/stm32cubeide_1.6.0/plugins/com.st.stm32cube.ide.mcu.externaltools.gnu-tools-for-stm32.9-2020-q2-update.linux64_1.5.0.202011040924/tools/bin/../lib/gcc/arm-none-eabi/9.3.1/../../../../arm-none-eabi/lib/thumb/v7e-m+fp/hard/libc_nano.a(lib_a-nano-freer.o)
                0x000000000800c3a0                _free_r
 .text._malloc_r
                0x000000000800c440       0xb4 /opt/st/stm32cubeide_1.6.0/plugins/com.st.stm32cube.ide.mcu.externaltools.gnu-tools-for-stm32.9-2020-q2-update.linux64_1.5.0.202011040924/tools/bin/../lib/gcc/arm-none-eabi/9.3.1/../../../../arm-none-eabi/lib/thumb/v7e-m+fp/hard/libc_nano.a(lib_a-nano-mallocr.o)
                0x000000000800c440                _malloc_r
 .text.__ssputs_r
                0x000000000800c4f4       0xb6 /opt/st/stm32cubeide_1.6.0/plugins/com.st.stm32cube.ide.mcu.externaltools.gnu-tools-for-stm32.9-2020-q2-update.linux64_1.5.0.202011040924/tools/bin/../lib/gcc/arm-none-eabi/9.3.1/../../../../arm-none-eabi/lib/thumb/v7e-m+fp/hard/libc_nano.a(lib_a-nano-svfprintf.o)
                0x000000000800c4f4                __ssputs_r
 *fill*         0x000000000800c5aa        0x2 
 .text._svfprintf_r
                0x000000000800c5ac      0x200 /opt/st/stm32cubeide_1.6.0/plugins/com.st.stm32cube.ide.mcu.externaltools.gnu-tools-for-stm32.9-2020-q2-update.linux64_1.5.0.202011040924/tools/bin/../lib/gcc/arm-none-eabi/9.3.1/../../../../arm-none-eabi/lib/thumb/v7e-m+fp/hard/libc_nano.a(lib_a-nano-svfprintf.o)
                0x000000000800c5ac                _svfprintf_r
                0x000000000800c5ac                _svfiprintf_r
 .text.__sfputc_r
                0x000000000800c7ac       0x2e /opt/st/stm32cubeide_1.6.0/plugins/com.st.stm32cube.ide.mcu.externaltools.gnu-tools-for-stm32.9-2020-q2-update.linux64_1.5.0.202011040924/tools/bin/../lib/gcc/arm-none-eabi/9.3.1/../../../../arm-none-eabi/lib/thumb/v7e-m+fp/hard/libc_nano.a(lib_a-nano-vfprintf.o)
 .text.__sfputs_r
                0x000000000800c7da       0x24 /opt/st/stm32cubeide_1.6.0/plugins/com.st.stm32cube.ide.mcu.externaltools.gnu-tools-for-stm32.9-2020-q2-update.linux64_1.5.0.202011040924/tools/bin/../lib/gcc/arm-none-eabi/9.3.1/../../../../arm-none-eabi/lib/thumb/v7e-m+fp/hard/libc_nano.a(lib_a-nano-vfprintf.o)
                0x000000000800c7da                __sfputs_r
 *fill*         0x000000000800c7fe        0x2 
 .text._vfprintf_r
                0x000000000800c800      0x260 /opt/st/stm32cubeide_1.6.0/plugins/com.st.stm32cube.ide.mcu.externaltools.gnu-tools-for-stm32.9-2020-q2-update.linux64_1.5.0.202011040924/tools/bin/../lib/gcc/arm-none-eabi/9.3.1/../../../../arm-none-eabi/lib/thumb/v7e-m+fp/hard/libc_nano.a(lib_a-nano-vfprintf.o)
                0x000000000800c800                _vfiprintf_r
                0x000000000800c800                _vfprintf_r
 .text.nan      0x000000000800ca60       0x10 /opt/st/stm32cubeide_1.6.0/plugins/com.st.stm32cube.ide.mcu.externaltools.gnu-tools-for-stm32.9-2020-q2-update.linux64_1.5.0.202011040924/tools/bin/../lib/gcc/arm-none-eabi/9.3.1/../../../../arm-none-eabi/lib/thumb/v7e-m+fp/hard/libc_nano.a(lib_a-s_nan.o)
                0x000000000800ca60                nan
 .text._sbrk_r  0x000000000800ca70       0x20 /opt/st/stm32cubeide_1.6.0/plugins/com.st.stm32cube.ide.mcu.externaltools.gnu-tools-for-stm32.9-2020-q2-update.linux64_1.5.0.202011040924/tools/bin/../lib/gcc/arm-none-eabi/9.3.1/../../../../arm-none-eabi/lib/thumb/v7e-m+fp/hard/libc_nano.a(lib_a-sbrkr.o)
                0x000000000800ca70                _sbrk_r
 .text.__sread  0x000000000800ca90       0x22 /opt/st/stm32cubeide_1.6.0/plugins/com.st.stm32cube.ide.mcu.externaltools.gnu-tools-for-stm32.9-2020-q2-update.linux64_1.5.0.202011040924/tools/bin/../lib/gcc/arm-none-eabi/9.3.1/../../../../arm-none-eabi/lib/thumb/v7e-m+fp/hard/libc_nano.a(lib_a-stdio.o)
                0x000000000800ca90                __sread
 .text.__swrite
                0x000000000800cab2       0x38 /opt/st/stm32cubeide_1.6.0/plugins/com.st.stm32cube.ide.mcu.externaltools.gnu-tools-for-stm32.9-2020-q2-update.linux64_1.5.0.202011040924/tools/bin/../lib/gcc/arm-none-eabi/9.3.1/../../../../arm-none-eabi/lib/thumb/v7e-m+fp/hard/libc_nano.a(lib_a-stdio.o)
                0x000000000800cab2                __swrite
 .text.__sseek  0x000000000800caea       0x24 /opt/st/stm32cubeide_1.6.0/plugins/com.st.stm32cube.ide.mcu.externaltools.gnu-tools-for-stm32.9-2020-q2-update.linux64_1.5.0.202011040924/tools/bin/../lib/gcc/arm-none-eabi/9.3.1/../../../../arm-none-eabi/lib/thumb/v7e-m+fp/hard/libc_nano.a(lib_a-stdio.o)
                0x000000000800caea                __sseek
 .text.__sclose
                0x000000000800cb0e        0x8 /opt/st/stm32cubeide_1.6.0/plugins/com.st.stm32cube.ide.mcu.externaltools.gnu-tools-for-stm32.9-2020-q2-update.linux64_1.5.0.202011040924/tools/bin/../lib/gcc/arm-none-eabi/9.3.1/../../../../arm-none-eabi/lib/thumb/v7e-m+fp/hard/libc_nano.a(lib_a-stdio.o)
                0x000000000800cb0e                __sclose
 .text.strncmp  0x000000000800cb16       0x24 /opt/st/stm32cubeide_1.6.0/plugins/com.st.stm32cube.ide.mcu.externaltools.gnu-tools-for-stm32.9-2020-q2-update.linux64_1.5.0.202011040924/tools/bin/../lib/gcc/arm-none-eabi/9.3.1/../../../../arm-none-eabi/lib/thumb/v7e-m+fp/hard/libc_nano.a(lib_a-strncmp.o)
                0x000000000800cb16                strncmp
 .text.__ascii_wctomb
                0x000000000800cb3a       0x1a /opt/st/stm32cubeide_1.6.0/plugins/com.st.stm32cube.ide.mcu.externaltools.gnu-tools-for-stm32.9-2020-q2-update.linux64_1.5.0.202011040924/tools/bin/../lib/gcc/arm-none-eabi/9.3.1/../../../../arm-none-eabi/lib/thumb/v7e-m+fp/hard/libc_nano.a(lib_a-wctomb_r.o)
                0x000000000800cb3a                __ascii_wctomb
 .text._write_r
                0x000000000800cb54       0x24 /opt/st/stm32cubeide_1.6.0/plugins/com.st.stm32cube.ide.mcu.externaltools.gnu-tools-for-stm32.9-2020-q2-update.linux64_1.5.0.202011040924/tools/bin/../lib/gcc/arm-none-eabi/9.3.1/../../../../arm-none-eabi/lib/thumb/v7e-m+fp/hard/libc_nano.a(lib_a-writer.o)
                0x000000000800cb54                _write_r
 .text.__assert_func
                0x000000000800cb78       0x3c /opt/st/stm32cubeide_1.6.0/plugins/com.st.stm32cube.ide.mcu.externaltools.gnu-tools-for-stm32.9-2020-q2-update.linux64_1.5.0.202011040924/tools/bin/../lib/gcc/arm-none-eabi/9.3.1/../../../../arm-none-eabi/lib/thumb/v7e-m+fp/hard/libc_nano.a(lib_a-assert.o)
                0x000000000800cb78                __assert_func
 .text._close_r
                0x000000000800cbb4       0x20 /opt/st/stm32cubeide_1.6.0/plugins/com.st.stm32cube.ide.mcu.externaltools.gnu-tools-for-stm32.9-2020-q2-update.linux64_1.5.0.202011040924/tools/bin/../lib/gcc/arm-none-eabi/9.3.1/../../../../arm-none-eabi/lib/thumb/v7e-m+fp/hard/libc_nano.a(lib_a-closer.o)
                0x000000000800cbb4                _close_r
 .text.fprintf  0x000000000800cbd4       0x24 /opt/st/stm32cubeide_1.6.0/plugins/com.st.stm32cube.ide.mcu.externaltools.gnu-tools-for-stm32.9-2020-q2-update.linux64_1.5.0.202011040924/tools/bin/../lib/gcc/arm-none-eabi/9.3.1/../../../../arm-none-eabi/lib/thumb/v7e-m+fp/hard/libc_nano.a(lib_a-fprintf.o)
                0x000000000800cbd4                fprintf
                0x000000000800cbd4                fiprintf
 .text._fstat_r
                0x000000000800cbf8       0x24 /opt/st/stm32cubeide_1.6.0/plugins/com.st.stm32cube.ide.mcu.externaltools.gnu-tools-for-stm32.9-2020-q2-update.linux64_1.5.0.202011040924/tools/bin/../lib/gcc/arm-none-eabi/9.3.1/../../../../arm-none-eabi/lib/thumb/v7e-m+fp/hard/libc_nano.a(lib_a-fstatr.o)
                0x000000000800cbf8                _fstat_r
 .text._isatty_r
                0x000000000800cc1c       0x20 /opt/st/stm32cubeide_1.6.0/plugins/com.st.stm32cube.ide.mcu.externaltools.gnu-tools-for-stm32.9-2020-q2-update.linux64_1.5.0.202011040924/tools/bin/../lib/gcc/arm-none-eabi/9.3.1/../../../../arm-none-eabi/lib/thumb/v7e-m+fp/hard/libc_nano.a(lib_a-isattyr.o)
                0x000000000800cc1c                _isatty_r
 .text._lseek_r
                0x000000000800cc3c       0x24 /opt/st/stm32cubeide_1.6.0/plugins/com.st.stm32cube.ide.mcu.externaltools.gnu-tools-for-stm32.9-2020-q2-update.linux64_1.5.0.202011040924/tools/bin/../lib/gcc/arm-none-eabi/9.3.1/../../../../arm-none-eabi/lib/thumb/v7e-m+fp/hard/libc_nano.a(lib_a-lseekr.o)
                0x000000000800cc3c                _lseek_r
 .text.memmove  0x000000000800cc60       0x34 /opt/st/stm32cubeide_1.6.0/plugins/com.st.stm32cube.ide.mcu.externaltools.gnu-tools-for-stm32.9-2020-q2-update.linux64_1.5.0.202011040924/tools/bin/../lib/gcc/arm-none-eabi/9.3.1/../../../../arm-none-eabi/lib/thumb/v7e-m+fp/hard/libc_nano.a(lib_a-memmove.o)
                0x000000000800cc60                memmove
 .text.__malloc_lock
                0x000000000800cc94        0xc /opt/st/stm32cubeide_1.6.0/plugins/com.st.stm32cube.ide.mcu.externaltools.gnu-tools-for-stm32.9-2020-q2-update.linux64_1.5.0.202011040924/tools/bin/../lib/gcc/arm-none-eabi/9.3.1/../../../../arm-none-eabi/lib/thumb/v7e-m+fp/hard/libc_nano.a(lib_a-mlock.o)
                0x000000000800cc94                __malloc_lock
 .text.__malloc_unlock
                0x000000000800cca0        0xc /opt/st/stm32cubeide_1.6.0/plugins/com.st.stm32cube.ide.mcu.externaltools.gnu-tools-for-stm32.9-2020-q2-update.linux64_1.5.0.202011040924/tools/bin/../lib/gcc/arm-none-eabi/9.3.1/../../../../arm-none-eabi/lib/thumb/v7e-m+fp/hard/libc_nano.a(lib_a-mlock.o)
                0x000000000800cca0                __malloc_unlock
 .text._realloc_r
                0x000000000800ccac       0x4c /opt/st/stm32cubeide_1.6.0/plugins/com.st.stm32cube.ide.mcu.externaltools.gnu-tools-for-stm32.9-2020-q2-update.linux64_1.5.0.202011040924/tools/bin/../lib/gcc/arm-none-eabi/9.3.1/../../../../arm-none-eabi/lib/thumb/v7e-m+fp/hard/libc_nano.a(lib_a-nano-reallocr.o)
                0x000000000800ccac                _realloc_r
 .text._read_r  0x000000000800ccf8       0x24 /opt/st/stm32cubeide_1.6.0/plugins/com.st.stm32cube.ide.mcu.externaltools.gnu-tools-for-stm32.9-2020-q2-update.linux64_1.5.0.202011040924/tools/bin/../lib/gcc/arm-none-eabi/9.3.1/../../../../arm-none-eabi/lib/thumb/v7e-m+fp/hard/libc_nano.a(lib_a-readr.o)
                0x000000000800ccf8                _read_r
 .text.abort    0x000000000800cd1c        0xe /opt/st/stm32cubeide_1.6.0/plugins/com.st.stm32cube.ide.mcu.externaltools.gnu-tools-for-stm32.9-2020-q2-update.linux64_1.5.0.202011040924/tools/bin/../lib/gcc/arm-none-eabi/9.3.1/../../../../arm-none-eabi/lib/thumb/v7e-m+fp/hard/libc_nano.a(lib_a-abort.o)
                0x000000000800cd1c                abort
 .text._malloc_usable_size_r
                0x000000000800cd2a       0x10 /opt/st/stm32cubeide_1.6.0/plugins/com.st.stm32cube.ide.mcu.externaltools.gnu-tools-for-stm32.9-2020-q2-update.linux64_1.5.0.202011040924/tools/bin/../lib/gcc/arm-none-eabi/9.3.1/../../../../arm-none-eabi/lib/thumb/v7e-m+fp/hard/libc_nano.a(lib_a-nano-msizer.o)
                0x000000000800cd2a                _malloc_usable_size_r
 .text._raise_r
                0x000000000800cd3a       0x50 /opt/st/stm32cubeide_1.6.0/plugins/com.st.stm32cube.ide.mcu.externaltools.gnu-tools-for-stm32.9-2020-q2-update.linux64_1.5.0.202011040924/tools/bin/../lib/gcc/arm-none-eabi/9.3.1/../../../../arm-none-eabi/lib/thumb/v7e-m+fp/hard/libc_nano.a(lib_a-signal.o)
                0x000000000800cd3a                _raise_r
 *fill*         0x000000000800cd8a        0x2 
 .text.raise    0x000000000800cd8c       0x10 /opt/st/stm32cubeide_1.6.0/plugins/com.st.stm32cube.ide.mcu.externaltools.gnu-tools-for-stm32.9-2020-q2-update.linux64_1.5.0.202011040924/tools/bin/../lib/gcc/arm-none-eabi/9.3.1/../../../../arm-none-eabi/lib/thumb/v7e-m+fp/hard/libc_nano.a(lib_a-signal.o)
                0x000000000800cd8c                raise
 .text._kill_r  0x000000000800cd9c       0x24 /opt/st/stm32cubeide_1.6.0/plugins/com.st.stm32cube.ide.mcu.externaltools.gnu-tools-for-stm32.9-2020-q2-update.linux64_1.5.0.202011040924/tools/bin/../lib/gcc/arm-none-eabi/9.3.1/../../../../arm-none-eabi/lib/thumb/v7e-m+fp/hard/libc_nano.a(lib_a-signalr.o)
                0x000000000800cd9c                _kill_r
 .text._getpid_r
                0x000000000800cdc0        0x4 /opt/st/stm32cubeide_1.6.0/plugins/com.st.stm32cube.ide.mcu.externaltools.gnu-tools-for-stm32.9-2020-q2-update.linux64_1.5.0.202011040924/tools/bin/../lib/gcc/arm-none-eabi/9.3.1/../../../../arm-none-eabi/lib/thumb/v7e-m+fp/hard/libc_nano.a(lib_a-signalr.o)
                0x000000000800cdc0                _getpid_r
 *(.glue_7)
 .glue_7        0x000000000800cdc4        0x0 linker stubs
 *(.glue_7t)
 .glue_7t       0x000000000800cdc4        0x0 linker stubs
 *(.eh_frame)
 .eh_frame      0x000000000800cdc4        0x0 /opt/st/stm32cubeide_1.6.0/plugins/com.st.stm32cube.ide.mcu.externaltools.gnu-tools-for-stm32.9-2020-q2-update.linux64_1.5.0.202011040924/tools/bin/../lib/gcc/arm-none-eabi/9.3.1/thumb/v7e-m+fp/hard/crtbegin.o
 *(.init)
 .init          0x000000000800cdc4        0x4 /opt/st/stm32cubeide_1.6.0/plugins/com.st.stm32cube.ide.mcu.externaltools.gnu-tools-for-stm32.9-2020-q2-update.linux64_1.5.0.202011040924/tools/bin/../lib/gcc/arm-none-eabi/9.3.1/thumb/v7e-m+fp/hard/crti.o
                0x000000000800cdc4                _init
 .init          0x000000000800cdc8        0x8 /opt/st/stm32cubeide_1.6.0/plugins/com.st.stm32cube.ide.mcu.externaltools.gnu-tools-for-stm32.9-2020-q2-update.linux64_1.5.0.202011040924/tools/bin/../lib/gcc/arm-none-eabi/9.3.1/thumb/v7e-m+fp/hard/crtn.o
 *(.fini)
 .fini          0x000000000800cdd0        0x4 /opt/st/stm32cubeide_1.6.0/plugins/com.st.stm32cube.ide.mcu.externaltools.gnu-tools-for-stm32.9-2020-q2-update.linux64_1.5.0.202011040924/tools/bin/../lib/gcc/arm-none-eabi/9.3.1/thumb/v7e-m+fp/hard/crti.o
                0x000000000800cdd0                _fini
 .fini          0x000000000800cdd4        0x8 /opt/st/stm32cubeide_1.6.0/plugins/com.st.stm32cube.ide.mcu.externaltools.gnu-tools-for-stm32.9-2020-q2-update.linux64_1.5.0.202011040924/tools/bin/../lib/gcc/arm-none-eabi/9.3.1/thumb/v7e-m+fp/hard/crtn.o
                0x000000000800cddc                . = ALIGN (0x4)
                0x000000000800cddc                _etext = .

.vfp11_veneer   0x000000000800cddc        0x0
 .vfp11_veneer  0x000000000800cddc        0x0 linker stubs

.v4_bx          0x000000000800cddc        0x0
 .v4_bx         0x000000000800cddc        0x0 linker stubs

.iplt           0x000000000800cddc        0x0
 .iplt          0x000000000800cddc        0x0 /opt/st/stm32cubeide_1.6.0/plugins/com.st.stm32cube.ide.mcu.externaltools.gnu-tools-for-stm32.9-2020-q2-update.linux64_1.5.0.202011040924/tools/bin/../lib/gcc/arm-none-eabi/9.3.1/thumb/v7e-m+fp/hard/crtbegin.o

.rodata         0x000000000800cde0      0x8ac
                0x000000000800cde0                . = ALIGN (0x4)
 *(.rodata)
 .rodata        0x000000000800cde0       0x4d Core/Src/main.o
 *fill*         0x000000000800ce2d        0x3 
 .rodata        0x000000000800ce30       0x55 Core/Src/testing_functions.o
 *fill*         0x000000000800ce85        0x3 
 .rodata        0x000000000800ce88       0xf5 Functions/Src/lsm6ds3.o
 *fill*         0x000000000800cf7d        0x3 
 .rodata        0x000000000800cf80       0xb5 Functions/Src/mcp9804.o
 *fill*         0x000000000800d035        0x3 
 .rodata        0x000000000800d038       0xc1 Functions/Src/mmc5883.o
 *fill*         0x000000000800d0f9        0x3 
 .rodata        0x000000000800d0fc       0x75 Functions/Src/testing_tools.o
 *(.rodata*)
 *fill*         0x000000000800d171        0x3 
 .rodata.AHBPrescTable
                0x000000000800d174       0x10 Core/Src/system_stm32l4xx.o
                0x000000000800d174                AHBPrescTable
 .rodata.APBPrescTable
                0x000000000800d184        0x8 Core/Src/system_stm32l4xx.o
                0x000000000800d184                APBPrescTable
 .rodata.MSIRangeTable
                0x000000000800d18c       0x30 Core/Src/system_stm32l4xx.o
                0x000000000800d18c                MSIRangeTable
 .rodata.ADDR   0x000000000800d1bc        0x7 Functions/Src/mcp9804.o
 *fill*         0x000000000800d1c3        0x1 
 .rodata.ADDR   0x000000000800d1c4        0x2 Functions/Src/mmc5883.o
 *fill*         0x000000000800d1c6        0x2 
 .rodata.LOG_types
                0x000000000800d1c8        0xc Functions/Src/testing_tools.o
 .rodata._global_impure_ptr
                0x000000000800d1d4        0x4 /opt/st/stm32cubeide_1.6.0/plugins/com.st.stm32cube.ide.mcu.externaltools.gnu-tools-for-stm32.9-2020-q2-update.linux64_1.5.0.202011040924/tools/bin/../lib/gcc/arm-none-eabi/9.3.1/../../../../arm-none-eabi/lib/thumb/v7e-m+fp/hard/libc_nano.a(lib_a-impure.o)
                0x000000000800d1d4                _global_impure_ptr
 .rodata._printf_float.str1.1
                0x000000000800d1d8       0x12 /opt/st/stm32cubeide_1.6.0/plugins/com.st.stm32cube.ide.mcu.externaltools.gnu-tools-for-stm32.9-2020-q2-update.linux64_1.5.0.202011040924/tools/bin/../lib/gcc/arm-none-eabi/9.3.1/../../../../arm-none-eabi/lib/thumb/v7e-m+fp/hard/libc_nano.a(lib_a-nano-vfprintf_float.o)
 .rodata._printf_i.str1.1
                0x000000000800d1ea       0x22 /opt/st/stm32cubeide_1.6.0/plugins/com.st.stm32cube.ide.mcu.externaltools.gnu-tools-for-stm32.9-2020-q2-update.linux64_1.5.0.202011040924/tools/bin/../lib/gcc/arm-none-eabi/9.3.1/../../../../arm-none-eabi/lib/thumb/v7e-m+fp/hard/libc_nano.a(lib_a-nano-vfprintf_i.o)
 .rodata._scanf_float.str1.1
                0x000000000800d20c        0x5 /opt/st/stm32cubeide_1.6.0/plugins/com.st.stm32cube.ide.mcu.externaltools.gnu-tools-for-stm32.9-2020-q2-update.linux64_1.5.0.202011040924/tools/bin/../lib/gcc/arm-none-eabi/9.3.1/../../../../arm-none-eabi/lib/thumb/v7e-m+fp/hard/libc_nano.a(lib_a-nano-vfscanf_float.o)
                                          0x6 (size before relaxing)
 .rodata._strtod_l.str1.1
                0x000000000800d211        0x5 /opt/st/stm32cubeide_1.6.0/plugins/com.st.stm32cube.ide.mcu.externaltools.gnu-tools-for-stm32.9-2020-q2-update.linux64_1.5.0.202011040924/tools/bin/../lib/gcc/arm-none-eabi/9.3.1/../../../../arm-none-eabi/lib/thumb/v7e-m+fp/hard/libc_nano.a(lib_a-strtod.o)
                                          0xd (size before relaxing)
 *fill*         0x000000000800d211        0x3 
 .rodata.fpi.7583
                0x000000000800d214       0x14 /opt/st/stm32cubeide_1.6.0/plugins/com.st.stm32cube.ide.mcu.externaltools.gnu-tools-for-stm32.9-2020-q2-update.linux64_1.5.0.202011040924/tools/bin/../lib/gcc/arm-none-eabi/9.3.1/../../../../arm-none-eabi/lib/thumb/v7e-m+fp/hard/libc_nano.a(lib_a-strtod.o)
 .rodata.fpinan.7619
                0x000000000800d228       0x14 /opt/st/stm32cubeide_1.6.0/plugins/com.st.stm32cube.ide.mcu.externaltools.gnu-tools-for-stm32.9-2020-q2-update.linux64_1.5.0.202011040924/tools/bin/../lib/gcc/arm-none-eabi/9.3.1/../../../../arm-none-eabi/lib/thumb/v7e-m+fp/hard/libc_nano.a(lib_a-strtod.o)
 *fill*         0x000000000800d23c        0x4 
 .rodata.tinytens
                0x000000000800d240       0x28 /opt/st/stm32cubeide_1.6.0/plugins/com.st.stm32cube.ide.mcu.externaltools.gnu-tools-for-stm32.9-2020-q2-update.linux64_1.5.0.202011040924/tools/bin/../lib/gcc/arm-none-eabi/9.3.1/../../../../arm-none-eabi/lib/thumb/v7e-m+fp/hard/libc_nano.a(lib_a-strtod.o)
 .rodata._ctype_
                0x000000000800d268      0x101 /opt/st/stm32cubeide_1.6.0/plugins/com.st.stm32cube.ide.mcu.externaltools.gnu-tools-for-stm32.9-2020-q2-update.linux64_1.5.0.202011040924/tools/bin/../lib/gcc/arm-none-eabi/9.3.1/../../../../arm-none-eabi/lib/thumb/v7e-m+fp/hard/libc_nano.a(lib_a-ctype_.o)
                0x000000000800d268                _ctype_
 .rodata._dtoa_r.str1.1
                0x000000000800d369       0x94 /opt/st/stm32cubeide_1.6.0/plugins/com.st.stm32cube.ide.mcu.externaltools.gnu-tools-for-stm32.9-2020-q2-update.linux64_1.5.0.202011040924/tools/bin/../lib/gcc/arm-none-eabi/9.3.1/../../../../arm-none-eabi/lib/thumb/v7e-m+fp/hard/libc_nano.a(lib_a-dtoa.o)
                                         0x96 (size before relaxing)
 *fill*         0x000000000800d3fd        0x3 
 .rodata.__sf_fake_stderr
                0x000000000800d400       0x20 /opt/st/stm32cubeide_1.6.0/plugins/com.st.stm32cube.ide.mcu.externaltools.gnu-tools-for-stm32.9-2020-q2-update.linux64_1.5.0.202011040924/tools/bin/../lib/gcc/arm-none-eabi/9.3.1/../../../../arm-none-eabi/lib/thumb/v7e-m+fp/hard/libc_nano.a(lib_a-findfp.o)
                0x000000000800d400                __sf_fake_stderr
 .rodata.__sf_fake_stdin
                0x000000000800d420       0x20 /opt/st/stm32cubeide_1.6.0/plugins/com.st.stm32cube.ide.mcu.externaltools.gnu-tools-for-stm32.9-2020-q2-update.linux64_1.5.0.202011040924/tools/bin/../lib/gcc/arm-none-eabi/9.3.1/../../../../arm-none-eabi/lib/thumb/v7e-m+fp/hard/libc_nano.a(lib_a-findfp.o)
                0x000000000800d420                __sf_fake_stdin
 .rodata.__sf_fake_stdout
                0x000000000800d440       0x20 /opt/st/stm32cubeide_1.6.0/plugins/com.st.stm32cube.ide.mcu.externaltools.gnu-tools-for-stm32.9-2020-q2-update.linux64_1.5.0.202011040924/tools/bin/../lib/gcc/arm-none-eabi/9.3.1/../../../../arm-none-eabi/lib/thumb/v7e-m+fp/hard/libc_nano.a(lib_a-findfp.o)
                0x000000000800d440                __sf_fake_stdout
 .rodata.__gethex.str1.1
                0x000000000800d460       0x67 /opt/st/stm32cubeide_1.6.0/plugins/com.st.stm32cube.ide.mcu.externaltools.gnu-tools-for-stm32.9-2020-q2-update.linux64_1.5.0.202011040924/tools/bin/../lib/gcc/arm-none-eabi/9.3.1/../../../../arm-none-eabi/lib/thumb/v7e-m+fp/hard/libc_nano.a(lib_a-gdtoa-gethex.o)
                                         0x78 (size before relaxing)
 .rodata.str1.1
                0x000000000800d4c7        0x2 /opt/st/stm32cubeide_1.6.0/plugins/com.st.stm32cube.ide.mcu.externaltools.gnu-tools-for-stm32.9-2020-q2-update.linux64_1.5.0.202011040924/tools/bin/../lib/gcc/arm-none-eabi/9.3.1/../../../../arm-none-eabi/lib/thumb/v7e-m+fp/hard/libc_nano.a(lib_a-lnumeric.o)
                                          0x3 (size before relaxing)
 *fill*         0x000000000800d4c9        0x3 
 .rodata._C_numeric_locale
                0x000000000800d4cc        0xc /opt/st/stm32cubeide_1.6.0/plugins/com.st.stm32cube.ide.mcu.externaltools.gnu-tools-for-stm32.9-2020-q2-update.linux64_1.5.0.202011040924/tools/bin/../lib/gcc/arm-none-eabi/9.3.1/../../../../arm-none-eabi/lib/thumb/v7e-m+fp/hard/libc_nano.a(lib_a-lnumeric.o)
                0x000000000800d4cc                _C_numeric_locale
 .rodata._setlocale_r.str1.1