core_cm4.h:2059:26:ITM_SendChar	16	static,ignoring_inline_asm
main.c:93:5:_write	32	static
main.c:110:5:main	24	static
main.c:253:6:SystemClock_Config	264	static
main.c:336:13:MX_ADC1_Init	48	static
main.c:400:13:MX_ADC2_Init	32	static
main.c:456:13:MX_CAN1_Init	8	static
main.c:493:13:MX_CAN2_Init	8	static
main.c:530:13:MX_I2C2_Init	8	static
main.c:576:13:MX_I2C3_Init	8	static
main.c:622:13:MX_I2C4_Init	8	static
main.c:668:13:MX_QUADSPI_Init	8	static
main.c:703:13:MX_SPI1_Init	8	static
main.c:743:13:MX_USART2_UART_Init	8	static
main.c:778:13:MX_USART3_UART_Init	8	static
main.c:813:13:MX_GPIO_Init	56	static
main.c:907:6:Error_Handler	4	static,ignoring_inline_asm
