core_cm4.h:2059:26:ITM_SendChar	16	static,ignoring_inline_asm
main.c:94:5:_write	32	static
main.c:111:5:main	24	static
main.c:275:6:SystemClock_Config	264	static
main.c:358:13:MX_ADC1_Init	48	static
main.c:422:13:MX_ADC2_Init	32	static
main.c:478:13:MX_CAN1_Init	8	static
main.c:515:13:MX_CAN2_Init	8	static
main.c:552:13:MX_I2C2_Init	8	static
main.c:598:13:MX_I2C3_Init	8	static
main.c:644:13:MX_I2C4_Init	8	static
main.c:690:13:MX_QUADSPI_Init	8	static
main.c:725:13:MX_SPI1_Init	8	static
main.c:765:13:MX_USART2_UART_Init	8	static
main.c:800:13:MX_USART3_UART_Init	8	static
main.c:835:13:MX_GPIO_Init	56	static
main.c:929:6:Error_Handler	4	static,ignoring_inline_asm
