23:12:41 **** Incremental Build of configuration Debug for project VST104-Testing ****
make -j8 all 
arm-none-eabi-gcc "../Core/Src/main.c" -mcpu=cortex-m4 -std=gnu11 -g -DDEBUG -DUSE_HAL_DRIVER -DSTM32L496xx -c -I../Drivers/CMSIS/Include -I../Core/Inc -I../Drivers/CMSIS/Device/ST/STM32L4xx/Include -I../Drivers/STM32L4xx_HAL_Driver/Inc -I../Drivers/STM32L4xx_HAL_Driver/Inc/Legacy -I../Functions/Inc -O0 -ffunction-sections -fdata-sections -Wall -fstack-usage -MMD -MP -MF"Core/Src/main.d" -MT"Core/Src/main.o" --specs=nano.specs -mfpu=fpv4-sp-d16 -mfloat-abi=hard -mthumb -o "Core/Src/main.o"
arm-none-eabi-g++ -o "VST104-Testing.elf" @"objects.list"   -mcpu=cortex-m4 -T"/CommonData/CVUT/intership/VisionSpace/VST104-Testing/VST104-Testing/STM32L496ZGTX_FLASH.ld" --specs=nosys.specs -Wl,-Map="VST104-Testing.map" -Wl,--gc-sections -static --specs=nano.specs -mfpu=fpv4-sp-d16 -mfloat-abi=hard -mthumb -u _printf_float -u _scanf_float -Wl,--start-group -lc -lm -lstdc++ -lsupc++ -Wl,--end-group
Finished building target: VST104-Testing.elf
 
arm-none-eabi-objdump -h -S  VST104-Testing.elf  > "VST104-Testing.list"
arm-none-eabi-objcopy  -O binary  VST104-Testing.elf  "VST104-Testing.bin"
arm-none-eabi-size   VST104-Testing.elf 
   text	   data	    bss	    dec	    hex	filename
  46436	    492	   2228	  49156	   c004	VST104-Testing.elf
Finished building: default.size.stdout
 
Finished building: VST104-Testing.bin
 
Finished building: VST104-Testing.list
 
23:12:45 **** Incremental Build of configuration Debug for project VST104-Testing ****
make -j8 all 
arm-none-eabi-size   VST104-Testing.elf 
   text	   data	    bss	    dec	    hex	filename
  46436	    492	   2228	  49156	   c004	VST104-Testing.elf
Finished building: default.size.stdout
 
23:17:34 **** Incremental Build of configuration Debug for project VST104-Testing ****
make -j8 all 
arm-none-eabi-gcc "../Core/Src/main.c" -mcpu=cortex-m4 -std=gnu11 -g -DDEBUG -DUSE_HAL_DRIVER -DSTM32L496xx -c -I../Drivers/CMSIS/Include -I../Core/Inc -I../Drivers/CMSIS/Device/ST/STM32L4xx/Include -I../Drivers/STM32L4xx_HAL_Driver/Inc -I../Drivers/STM32L4xx_HAL_Driver/Inc/Legacy -I../Functions/Inc -O0 -ffunction-sections -fdata-sections -Wall -fstack-usage -MMD -MP -MF"Core/Src/main.d" -MT"Core/Src/main.o" --specs=nano.specs -mfpu=fpv4-sp-d16 -mfloat-abi=hard -mthumb -o "Core/Src/main.o"
arm-none-eabi-g++ -o "VST104-Testing.elf" @"objects.list"   -mcpu=cortex-m4 -T"/CommonData/CVUT/intership/VisionSpace/VST104-Testing/VST104-Testing/STM32L496ZGTX_FLASH.ld" --specs=nosys.specs -Wl,-Map="VST104-Testing.map" -Wl,--gc-sections -static --specs=nano.specs -mfpu=fpv4-sp-d16 -mfloat-abi=hard -mthumb -u _printf_float -u _scanf_float -Wl,--start-group -lc -lm -lstdc++ -lsupc++ -Wl,--end-group
Finished building target: VST104-Testing.elf
 
arm-none-eabi-objdump -h -S  VST104-Testing.elf  > "VST104-Testing.list"
arm-none-eabi-objcopy  -O binary  VST104-Testing.elf  "VST104-Testing.bin"
arm-none-eabi-size   VST104-Testing.elf 
   text	   data	    bss	    dec	    hex	filename
  46444	    492	   2228	  49164	   c00c	VST104-Testing.elf
Finished building: default.size.stdout
 
Finished building: VST104-Testing.bin
 
Finished building: VST104-Testing.list
 
23:18:52 **** Incremental Build of configuration Debug for project VST104-Testing ****
make -j8 all 
arm-none-eabi-size   VST104-Testing.elf 
   text	   data	    bss	    dec	    hex	filename
  46444	    492	   2228	  49164	   c00c	VST104-Testing.elf
Finished building: default.size.stdout
 
23:21:05 **** Incremental Build of configuration Debug for project VST104-Testing ****
make -j8 all 
arm-none-eabi-gcc "../Core/Src/main.c" -mcpu=cortex-m4 -std=gnu11 -g -DDEBUG -DUSE_HAL_DRIVER -DSTM32L496xx -c -I../Drivers/CMSIS/Include -I../Core/Inc -I../Drivers/CMSIS/Device/ST/STM32L4xx/Include -I../Drivers/STM32L4xx_HAL_Driver/Inc -I../Drivers/STM32L4xx_HAL_Driver/Inc/Legacy -I../Functions/Inc -O0 -ffunction-sections -fdata-sections -Wall -fstack-usage -MMD -MP -MF"Core/Src/main.d" -MT"Core/Src/main.o" --specs=nano.specs -mfpu=fpv4-sp-d16 -mfloat-abi=hard -mthumb -o "Core/Src/main.o"
arm-none-eabi-g++ -o "VST104-Testing.elf" @"objects.list"   -mcpu=cortex-m4 -T"/CommonData/CVUT/intership/VisionSpace/VST104-Testing/VST104-Testing/STM32L496ZGTX_FLASH.ld" --specs=nosys.specs -Wl,-Map="VST104-Testing.map" -Wl,--gc-sections -static --specs=nano.specs -mfpu=fpv4-sp-d16 -mfloat-abi=hard -mthumb -u _printf_float -u _scanf_float -Wl,--start-group -lc -lm -lstdc++ -lsupc++ -Wl,--end-group
Finished building target: VST104-Testing.elf
 
arm-none-eabi-objdump -h -S  VST104-Testing.elf  > "VST104-Testing.list"
arm-none-eabi-objcopy  -O binary  VST104-Testing.elf  "VST104-Testing.bin"
arm-none-eabi-size   VST104-Testing.elf 
   text	   data	    bss	    dec	    hex	filename
  46436	    492	   2228	  49156	   c004	VST104-Testing.elf
Finished building: default.size.stdout
 
Finished building: VST104-Testing.bin
 
Finished building: VST104-Testing.list
 
23:23:02 **** Incremental Build of configuration Debug for project VST104-Testing ****
make -j8 all 
arm-none-eabi-gcc "../Functions/Src/testing_tools.c" -mcpu=cortex-m4 -std=gnu11 -g -DDEBUG -DUSE_HAL_DRIVER -DSTM32L496xx -c -I../Drivers/CMSIS/Include -I../Core/Inc -I../Drivers/CMSIS/Device/ST/STM32L4xx/Include -I../Drivers/STM32L4xx_HAL_Driver/Inc -I../Drivers/STM32L4xx_HAL_Driver/Inc/Legacy -I../Functions/Inc -O0 -ffunction-sections -fdata-sections -Wall -fstack-usage -MMD -MP -MF"Functions/Src/testing_tools.d" -MT"Functions/Src/testing_tools.o" --specs=nano.specs -mfpu=fpv4-sp-d16 -mfloat-abi=hard -mthumb -o "Functions/Src/testing_tools.o"
arm-none-eabi-g++ -o "VST104-Testing.elf" @"objects.list"   -mcpu=cortex-m4 -T"/CommonData/CVUT/intership/VisionSpace/VST104-Testing/VST104-Testing/STM32L496ZGTX_FLASH.ld" --specs=nosys.specs -Wl,-Map="VST104-Testing.map" -Wl,--gc-sections -static --specs=nano.specs -mfpu=fpv4-sp-d16 -mfloat-abi=hard -mthumb -u _printf_float -u _scanf_float -Wl,--start-group -lc -lm -lstdc++ -lsupc++ -Wl,--end-group
Finished building target: VST104-Testing.elf
 
arm-none-eabi-objdump -h -S  VST104-Testing.elf  > "VST104-Testing.list"
arm-none-eabi-objcopy  -O binary  VST104-Testing.elf  "VST104-Testing.bin"
arm-none-eabi-size   VST104-Testing.elf 
   text	   data	    bss	    dec	    hex	filename
  46436	    492	   2228	  49156	   c004	VST104-Testing.elf
Finished building: default.size.stdout
 
Finished building: VST104-Testing.bin
 
Finished building: VST104-Testing.list
 
23:24:34 **** Incremental Build of configuration Debug for project VST104-Testing ****
make -j8 all 
arm-none-eabi-gcc "../Functions/Src/testing_tools.c" -mcpu=cortex-m4 -std=gnu11 -g -DDEBUG -DUSE_HAL_DRIVER -DSTM32L496xx -c -I../Drivers/CMSIS/Include -I../Core/Inc -I../Drivers/CMSIS/Device/ST/STM32L4xx/Include -I../Drivers/STM32L4xx_HAL_Driver/Inc -I../Drivers/STM32L4xx_HAL_Driver/Inc/Legacy -I../Functions/Inc -O0 -ffunction-sections -fdata-sections -Wall -fstack-usage -MMD -MP -MF"Functions/Src/testing_tools.d" -MT"Functions/Src/testing_tools.o" --specs=nano.specs -mfpu=fpv4-sp-d16 -mfloat-abi=hard -mthumb -o "Functions/Src/testing_tools.o"
arm-none-eabi-g++ -o "VST104-Testing.elf" @"objects.list"   -mcpu=cortex-m4 -T"/CommonData/CVUT/intership/VisionSpace/VST104-Testing/VST104-Testing/STM32L496ZGTX_FLASH.ld" --specs=nosys.specs -Wl,-Map="VST104-Testing.map" -Wl,--gc-sections -static --specs=nano.specs -mfpu=fpv4-sp-d16 -mfloat-abi=hard -mthumb -u _printf_float -u _scanf_float -Wl,--start-group -lc -lm -lstdc++ -lsupc++ -Wl,--end-group
Finished building target: VST104-Testing.elf
 
arm-none-eabi-objdump -h -S  VST104-Testing.elf  > "VST104-Testing.list"
arm-none-eabi-objcopy  -O binary  VST104-Testing.elf  "VST104-Testing.bin"
arm-none-eabi-size   VST104-Testing.elf 
   text	   data	    bss	    dec	    hex	filename
  46436	    492	   2228	  49156	   c004	VST104-Testing.elf
Finished building: default.size.stdout
 
Finished building: VST104-Testing.bin
 
Finished building: VST104-Testing.list
 
